Archive member included to satisfy reference by file (symbol)

/home/jeremy/Ac6/SystemWorkbench/plugins/fr.ac6.mcu.externaltools.arm-none.linux64_1.16.0.201807130628/tools/compiler/bin/../lib/gcc/arm-none-eabi/7.2.1/../../../../arm-none-eabi/lib/thumb/v7-m/librdimon_nano.a(rdimon-syscalls.o)
                              /home/jeremy/Ac6/SystemWorkbench/plugins/fr.ac6.mcu.externaltools.arm-none.linux64_1.16.0.201807130628/tools/compiler/bin/../lib/gcc/arm-none-eabi/7.2.1/../../../../arm-none-eabi/lib/thumb/v7-m/rdimon-crt0.o (initialise_monitor_handles)
/home/jeremy/Ac6/SystemWorkbench/plugins/fr.ac6.mcu.externaltools.arm-none.linux64_1.16.0.201807130628/tools/compiler/bin/../lib/gcc/arm-none-eabi/7.2.1/../../../../arm-none-eabi/lib/thumb/v7-m/libc_nano.a(lib_a-errno.o)
                              /home/jeremy/Ac6/SystemWorkbench/plugins/fr.ac6.mcu.externaltools.arm-none.linux64_1.16.0.201807130628/tools/compiler/bin/../lib/gcc/arm-none-eabi/7.2.1/../../../../arm-none-eabi/lib/thumb/v7-m/librdimon_nano.a(rdimon-syscalls.o) (__errno)
/home/jeremy/Ac6/SystemWorkbench/plugins/fr.ac6.mcu.externaltools.arm-none.linux64_1.16.0.201807130628/tools/compiler/bin/../lib/gcc/arm-none-eabi/7.2.1/../../../../arm-none-eabi/lib/thumb/v7-m/libc_nano.a(lib_a-exit.o)
                              /home/jeremy/Ac6/SystemWorkbench/plugins/fr.ac6.mcu.externaltools.arm-none.linux64_1.16.0.201807130628/tools/compiler/bin/../lib/gcc/arm-none-eabi/7.2.1/../../../../arm-none-eabi/lib/thumb/v7-m/rdimon-crt0.o (exit)
/home/jeremy/Ac6/SystemWorkbench/plugins/fr.ac6.mcu.externaltools.arm-none.linux64_1.16.0.201807130628/tools/compiler/bin/../lib/gcc/arm-none-eabi/7.2.1/../../../../arm-none-eabi/lib/thumb/v7-m/libc_nano.a(lib_a-findfp.o)
                              /home/jeremy/Ac6/SystemWorkbench/plugins/fr.ac6.mcu.externaltools.arm-none.linux64_1.16.0.201807130628/tools/compiler/bin/../lib/gcc/arm-none-eabi/7.2.1/../../../../arm-none-eabi/lib/thumb/v7-m/librdimon_nano.a(rdimon-syscalls.o) (__sinit)
/home/jeremy/Ac6/SystemWorkbench/plugins/fr.ac6.mcu.externaltools.arm-none.linux64_1.16.0.201807130628/tools/compiler/bin/../lib/gcc/arm-none-eabi/7.2.1/../../../../arm-none-eabi/lib/thumb/v7-m/libc_nano.a(lib_a-fwalk.o)
                              /home/jeremy/Ac6/SystemWorkbench/plugins/fr.ac6.mcu.externaltools.arm-none.linux64_1.16.0.201807130628/tools/compiler/bin/../lib/gcc/arm-none-eabi/7.2.1/../../../../arm-none-eabi/lib/thumb/v7-m/libc_nano.a(lib_a-findfp.o) (_fwalk)
/home/jeremy/Ac6/SystemWorkbench/plugins/fr.ac6.mcu.externaltools.arm-none.linux64_1.16.0.201807130628/tools/compiler/bin/../lib/gcc/arm-none-eabi/7.2.1/../../../../arm-none-eabi/lib/thumb/v7-m/libc_nano.a(lib_a-impure.o)
                              /home/jeremy/Ac6/SystemWorkbench/plugins/fr.ac6.mcu.externaltools.arm-none.linux64_1.16.0.201807130628/tools/compiler/bin/../lib/gcc/arm-none-eabi/7.2.1/../../../../arm-none-eabi/lib/thumb/v7-m/libc_nano.a(lib_a-exit.o) (_global_impure_ptr)
/home/jeremy/Ac6/SystemWorkbench/plugins/fr.ac6.mcu.externaltools.arm-none.linux64_1.16.0.201807130628/tools/compiler/bin/../lib/gcc/arm-none-eabi/7.2.1/../../../../arm-none-eabi/lib/thumb/v7-m/libc_nano.a(lib_a-init.o)
                              /home/jeremy/Ac6/SystemWorkbench/plugins/fr.ac6.mcu.externaltools.arm-none.linux64_1.16.0.201807130628/tools/compiler/bin/../lib/gcc/arm-none-eabi/7.2.1/../../../../arm-none-eabi/lib/thumb/v7-m/rdimon-crt0.o (__libc_init_array)
/home/jeremy/Ac6/SystemWorkbench/plugins/fr.ac6.mcu.externaltools.arm-none.linux64_1.16.0.201807130628/tools/compiler/bin/../lib/gcc/arm-none-eabi/7.2.1/../../../../arm-none-eabi/lib/thumb/v7-m/libc_nano.a(lib_a-memset.o)
                              /home/jeremy/Ac6/SystemWorkbench/plugins/fr.ac6.mcu.externaltools.arm-none.linux64_1.16.0.201807130628/tools/compiler/bin/../lib/gcc/arm-none-eabi/7.2.1/../../../../arm-none-eabi/lib/thumb/v7-m/rdimon-crt0.o (memset)
/home/jeremy/Ac6/SystemWorkbench/plugins/fr.ac6.mcu.externaltools.arm-none.linux64_1.16.0.201807130628/tools/compiler/bin/../lib/gcc/arm-none-eabi/7.2.1/../../../../arm-none-eabi/lib/thumb/v7-m/libc_nano.a(lib_a-nano-mallocr.o)
                              /home/jeremy/Ac6/SystemWorkbench/plugins/fr.ac6.mcu.externaltools.arm-none.linux64_1.16.0.201807130628/tools/compiler/bin/../lib/gcc/arm-none-eabi/7.2.1/../../../../arm-none-eabi/lib/thumb/v7-m/libc_nano.a(lib_a-findfp.o) (_malloc_r)
/home/jeremy/Ac6/SystemWorkbench/plugins/fr.ac6.mcu.externaltools.arm-none.linux64_1.16.0.201807130628/tools/compiler/bin/../lib/gcc/arm-none-eabi/7.2.1/../../../../arm-none-eabi/lib/thumb/v7-m/libc_nano.a(lib_a-puts.o)
                              Src/main.o (puts)
/home/jeremy/Ac6/SystemWorkbench/plugins/fr.ac6.mcu.externaltools.arm-none.linux64_1.16.0.201807130628/tools/compiler/bin/../lib/gcc/arm-none-eabi/7.2.1/../../../../arm-none-eabi/lib/thumb/v7-m/libc_nano.a(lib_a-sbrkr.o)
[...]
Memory Configuration

Name             Origin             Length             Attributes
RAM              0x0000000020000000 0x0000000000010000 xrw
FLASH            0x0000000008000000 0x0000000000080000 xr
*default*        0x0000000000000000 0xffffffffffffffff

Linker script and memory map

LOAD /home/jeremy/Ac6/SystemWorkbench/plugins/fr.ac6.mcu.externaltools.arm-none.linux64_1.16.0.201807130628/tools/compiler/bin/../lib/gcc/arm-none-eabi/7.2.1/thumb/v7-m/crti.o
LOAD /home/jeremy/Ac6/SystemWorkbench/plugins/fr.ac6.mcu.externaltools.arm-none.linux64_1.16.0.201807130628/tools/compiler/bin/../lib/gcc/arm-none-eabi/7.2.1/thumb/v7-m/crtbegin.o
LOAD /home/jeremy/Ac6/SystemWorkbench/plugins/fr.ac6.mcu.externaltools.arm-none.linux64_1.16.0.201807130628/tools/compiler/bin/../lib/gcc/arm-none-eabi/7.2.1/../../../../arm-none-eabi/lib/thumb/v7-m/rdimon-crt0.o
LOAD /home/jeremy/Ac6/SystemWorkbench/plugins/fr.ac6.mcu.externaltools.arm-none.linux64_1.16.0.201807130628/tools/compiler/bin/../lib/gcc/arm-none-eabi/7.2.1/../../../../arm-none-eabi/lib/thumb/v7-m/librdimon_nano.a
LOAD Drivers/STM32F1xx_HAL_Driver/Src/stm32f1xx_hal.o
LOAD Drivers/STM32F1xx_HAL_Driver/Src/stm32f1xx_hal_cortex.o
LOAD Drivers/STM32F1xx_HAL_Driver/Src/stm32f1xx_hal_dma.o
LOAD Drivers/STM32F1xx_HAL_Driver/Src/stm32f1xx_hal_flash.o
LOAD Drivers/STM32F1xx_HAL_Driver/Src/stm32f1xx_hal_flash_ex.o
LOAD Drivers/STM32F1xx_HAL_Driver/Src/stm32f1xx_hal_gpio.o
LOAD Drivers/STM32F1xx_HAL_Driver/Src/stm32f1xx_hal_gpio_ex.o
LOAD Drivers/STM32F1xx_HAL_Driver/Src/stm32f1xx_hal_pwr.o
LOAD Drivers/STM32F1xx_HAL_Driver/Src/stm32f1xx_hal_rcc.o
LOAD Drivers/STM32F1xx_HAL_Driver/Src/stm32f1xx_hal_rcc_ex.o
LOAD Drivers/STM32F1xx_HAL_Driver/Src/stm32f1xx_hal_tim.o
LOAD Drivers/STM32F1xx_HAL_Driver/Src/stm32f1xx_hal_tim_ex.o
LOAD Src/animations.o
LOAD Src/jLog.o
LOAD Src/main.o
LOAD Src/stm32f1xx_hal_msp.o
LOAD Src/stm32f1xx_it.o
LOAD Src/system_stm32f1xx.o
LOAD Src/ws2812.o
LOAD startup/startup_stm32f103xe.o
LOAD /home/jeremy/Ac6/SystemWorkbench/plugins/fr.ac6.mcu.externaltools.arm-none.linux64_1.16.0.201807130628/tools/compiler/bin/../lib/gcc/arm-none-eabi/7.2.1/../../../../arm-none-eabi/lib/thumb/v7-m/libstdc++_nano.a
LOAD /home/jeremy/Ac6/SystemWorkbench/plugins/fr.ac6.mcu.externaltools.arm-none.linux64_1.16.0.201807130628/tools/compiler/bin/../lib/gcc/arm-none-eabi/7.2.1/../../../../arm-none-eabi/lib/thumb/v7-m/libm.a
LOAD /home/jeremy/Ac6/SystemWorkbench/plugins/fr.ac6.mcu.externaltools.arm-none.linux64_1.16.0.201807130628/tools/compiler/bin/../lib/gcc/arm-none-eabi/7.2.1/../../../../arm-none-eabi/lib/thumb/v7-m/libc_nano.a
START GROUP
LOAD /home/jeremy/Ac6/SystemWorkbench/plugins/fr.ac6.mcu.externaltools.arm-none.linux64_1.16.0.201807130628/tools/compiler/bin/../lib/gcc/arm-none-eabi/7.2.1/thumb/v7-m/libgcc.a
LOAD /home/jeremy/Ac6/SystemWorkbench/plugins/fr.ac6.mcu.externaltools.arm-none.linux64_1.16.0.201807130628/tools/compiler/bin/../lib/gcc/arm-none-eabi/7.2.1/../../../../arm-none-eabi/lib/thumb/v7-m/libc_nano.a
END GROUP
START GROUP
LOAD /home/jeremy/Ac6/SystemWorkbench/plugins/fr.ac6.mcu.externaltools.arm-none.linux64_1.16.0.201807130628/tools/compiler/bin/../lib/gcc/arm-none-eabi/7.2.1/thumb/v7-m/libgcc.a
LOAD /home/jeremy/Ac6/SystemWorkbench/plugins/fr.ac6.mcu.externaltools.arm-none.linux64_1.16.0.201807130628/tools/compiler/bin/../lib/gcc/arm-none-eabi/7.2.1/../../../../arm-none-eabi/lib/thumb/v7-m/libc_nano.a
LOAD /home/jeremy/Ac6/SystemWorkbench/plugins/fr.ac6.mcu.externaltools.arm-none.linux64_1.16.0.201807130628/tools/compiler/bin/../lib/gcc/arm-none-eabi/7.2.1/../../../../arm-none-eabi/lib/thumb/v7-m/libnosys.a
END GROUP
START GROUP
LOAD /home/jeremy/Ac6/SystemWorkbench/plugins/fr.ac6.mcu.externaltools.arm-none.linux64_1.16.0.201807130628/tools/compiler/bin/../lib/gcc/arm-none-eabi/7.2.1/thumb/v7-m/libgcc.a
LOAD /home/jeremy/Ac6/SystemWorkbench/plugins/fr.ac6.mcu.externaltools.arm-none.linux64_1.16.0.201807130628/tools/compiler/bin/../lib/gcc/arm-none-eabi/7.2.1/../../../../arm-none-eabi/lib/thumb/v7-m/libc_nano.a
LOAD /home/jeremy/Ac6/SystemWorkbench/plugins/fr.ac6.mcu.externaltools.arm-none.linux64_1.16.0.201807130628/tools/compiler/bin/../lib/gcc/arm-none-eabi/7.2.1/../../../../arm-none-eabi/lib/thumb/v7-m/librdimon_nano.a
LOAD /home/jeremy/Ac6/SystemWorkbench/plugins/fr.ac6.mcu.externaltools.arm-none.linux64_1.16.0.201807130628/tools/compiler/bin/../lib/gcc/arm-none-eabi/7.2.1/../../../../arm-none-eabi/lib/thumb/v7-m/libnosys.a
END GROUP
START GROUP
LOAD /home/jeremy/Ac6/SystemWorkbench/plugins/fr.ac6.mcu.externaltools.arm-none.linux64_1.16.0.201807130628/tools/compiler/bin/../lib/gcc/arm-none-eabi/7.2.1/thumb/v7-m/libgcc.a
LOAD /home/jeremy/Ac6/SystemWorkbench/plugins/fr.ac6.mcu.externaltools.arm-none.linux64_1.16.0.201807130628/tools/compiler/bin/../lib/gcc/arm-none-eabi/7.2.1/../../../../arm-none-eabi/lib/thumb/v7-m/libc_nano.a
LOAD /home/jeremy/Ac6/SystemWorkbench/plugins/fr.ac6.mcu.externaltools.arm-none.linux64_1.16.0.201807130628/tools/compiler/bin/../lib/gcc/arm-none-eabi/7.2.1/../../../../arm-none-eabi/lib/thumb/v7-m/librdimon_nano.a
END GROUP
LOAD /home/jeremy/Ac6/SystemWorkbench/plugins/fr.ac6.mcu.externaltools.arm-none.linux64_1.16.0.201807130628/tools/compiler/bin/../lib/gcc/arm-none-eabi/7.2.1/thumb/v7-m/crtend.o
LOAD /home/jeremy/Ac6/SystemWorkbench/plugins/fr.ac6.mcu.externaltools.arm-none.linux64_1.16.0.201807130628/tools/compiler/bin/../lib/gcc/arm-none-eabi/7.2.1/thumb/v7-m/crtn.o
                0x0000000020010000                _estack = 0x20010000
                0x0000000000000200                _Min_Heap_Size = 0x200
                0x0000000000000400                _Min_Stack_Size = 0x400

.isr_vector     0x0000000008000000      0x1e4
                0x0000000008000000                . = ALIGN (0x4)
 *(.isr_vector)
 .isr_vector    0x0000000008000000      0x1e4 startup/startup_stm32f103xe.o
                0x0000000008000000                g_pfnVectors
                0x00000000080001e4                . = ALIGN (0x4)

.text           0x00000000080001e4     0x2898
                0x00000000080001e4                . = ALIGN (0x4)
 *(.text)
 .text          0x00000000080001e4       0x40 /home/jeremy/Ac6/SystemWorkbench/plugins/fr.ac6.mcu.externaltools.arm-none.linux64_1.16.0.201807130628/tools/compiler/bin/../lib/gcc/arm-none-eabi/7.2.1/thumb/v7-m/crtbegin.o
 .text          0x0000000008000224       0x10 /home/jeremy/Ac6/SystemWorkbench/plugins/fr.ac6.mcu.externaltools.arm-none.linux64_1.16.0.201807130628/tools/compiler/bin/../lib/gcc/arm-none-eabi/7.2.1/../../../../arm-none-eabi/lib/thumb/v7-m/libc_nano.a(lib_a-strlen.o)
                0x0000000008000224                strlen
 *(.text*)
 .text.findslot
                0x0000000008000234       0x34 /home/jeremy/Ac6/SystemWorkbench/plugins/fr.ac6.mcu.externaltools.arm-none.linux64_1.16.0.201807130628/tools/compiler/bin/../lib/gcc/arm-none-eabi/7.2.1/../../../../arm-none-eabi/lib/thumb/v7-m/librdimon_nano.a(rdimon-syscalls.o)
 .text.checkerror
                0x0000000008000268       0x20 /home/jeremy/Ac6/SystemWorkbench/plugins/fr.ac6.mcu.externaltools.arm-none.linux64_1.16.0.201807130628/tools/compiler/bin/../lib/gcc/arm-none-eabi/7.2.1/../../../../arm-none-eabi/lib/thumb/v7-m/librdimon_nano.a(rdimon-syscalls.o)
 .text.error    0x0000000008000288       0x1c /home/jeremy/Ac6/SystemWorkbench/plugins/fr.ac6.mcu.externaltools.arm-none.linux64_1.16.0.201807130628/tools/compiler/bin/../lib/gcc/arm-none-eabi/7.2.1/../../../../arm-none-eabi/lib/thumb/v7-m/librdimon_nano.a(rdimon-syscalls.o)
 .text._swiread
                0x00000000080002a4       0x20 /home/jeremy/Ac6/SystemWorkbench/plugins/fr.ac6.mcu.externaltools.arm-none.linux64_1.16.0.201807130628/tools/compiler/bin/../lib/gcc/arm-none-eabi/7.2.1/../../../../arm-none-eabi/lib/thumb/v7-m/librdimon_nano.a(rdimon-syscalls.o)
                0x00000000080002a4                _swiread
 .text._read    0x00000000080002c4       0x34 /home/jeremy/Ac6/SystemWorkbench/plugins/fr.ac6.mcu.externaltools.arm-none.linux64_1.16.0.201807130628/tools/compiler/bin/../lib/gcc/arm-none-eabi/7.2.1/../../../../arm-none-eabi/lib/thumb/v7-m/librdimon_nano.a(rdimon-syscalls.o)
                0x00000000080002c4                _read
 .text._swilseek
                0x00000000080002f8       0x7a /home/jeremy/Ac6/SystemWorkbench/plugins/fr.ac6.mcu.externaltools.arm-none.linux64_1.16.0.201807130628/tools/compiler/bin/../lib/gcc/arm-none-eabi/7.2.1/../../../../arm-none-eabi/lib/thumb/v7-m/librdimon_nano.a(rdimon-syscalls.o)
                0x00000000080002f8                _swilseek
 .text._lseek   0x0000000008000372        0x4 /home/jeremy/Ac6/SystemWorkbench/plugins/fr.ac6.mcu.externaltools.arm-none.linux64_1.16.0.201807130628/tools/compiler/bin/../lib/gcc/arm-none-eabi/7.2.1/../../../../arm-none-eabi/lib/thumb/v7-m/librdimon_nano.a(rdimon-syscalls.o)
                0x0000000008000372                _lseek
 .text._swiwrite
                0x0000000008000376       0x20 /home/jeremy/Ac6/SystemWorkbench/plugins/fr.ac6.mcu.externaltools.arm-none.linux64_1.16.0.201807130628/tools/compiler/bin/../lib/gcc/arm-none-eabi/7.2.1/../../../../arm-none-eabi/lib/thumb/v7-m/librdimon_nano.a(rdimon-syscalls.o)
                0x0000000008000376                _swiwrite
 .text._write   0x0000000008000396       0x40 /home/jeremy/Ac6/SystemWorkbench/plugins/fr.ac6.mcu.externaltools.arm-none.linux64_1.16.0.201807130628/tools/compiler/bin/../lib/gcc/arm-none-eabi/7.2.1/../../../../arm-none-eabi/lib/thumb/v7-m/librdimon_nano.a(rdimon-syscalls.o)
                0x0000000008000396                _write
 .text._swiclose
                0x00000000080003d6       0x1c /home/jeremy/Ac6/SystemWorkbench/plugins/fr.ac6.mcu.externaltools.arm-none.linux64_1.16.0.201807130628/tools/compiler/bin/../lib/gcc/arm-none-eabi/7.2.1/../../../../arm-none-eabi/lib/thumb/v7-m/librdimon_nano.a(rdimon-syscalls.o)
                0x00000000080003d6                _swiclose
 *fill*         0x00000000080003f2        0x2 
 .text._close   0x00000000080003f4       0x4c /home/jeremy/Ac6/SystemWorkbench/plugins/fr.ac6.mcu.externaltools.arm-none.linux64_1.16.0.201807130628/tools/compiler/bin/../lib/gcc/arm-none-eabi/7.2.1/../../../../arm-none-eabi/lib/thumb/v7-m/librdimon_nano.a(rdimon-syscalls.o)
                0x00000000080003f4                _close
 .text._sbrk    0x0000000008000440       0x48 /home/jeremy/Ac6/SystemWorkbench/plugins/fr.ac6.mcu.externaltools.arm-none.linux64_1.16.0.201807130628/tools/compiler/bin/../lib/gcc/arm-none-eabi/7.2.1/../../../../arm-none-eabi/lib/thumb/v7-m/librdimon_nano.a(rdimon-syscalls.o)
                0x0000000008000440                _sbrk
 .text._swistat
                0x0000000008000488       0x42 /home/jeremy/Ac6/SystemWorkbench/plugins/fr.ac6.mcu.externaltools.arm-none.linux64_1.16.0.201807130628/tools/compiler/bin/../lib/gcc/arm-none-eabi/7.2.1/../../../../arm-none-eabi/lib/thumb/v7-m/librdimon_nano.a(rdimon-syscalls.o)
                0x0000000008000488                _swistat
 .text._fstat   0x00000000080004ca       0x1c /home/jeremy/Ac6/SystemWorkbench/plugins/fr.ac6.mcu.externaltools.arm-none.linux64_1.16.0.201807130628/tools/compiler/bin/../lib/gcc/arm-none-eabi/7.2.1/../../../../arm-none-eabi/lib/thumb/v7-m/librdimon_nano.a(rdimon-syscalls.o)
                0x00000000080004ca                _fstat
 .text._stat    0x00000000080004e6       0x3a /home/jeremy/Ac6/SystemWorkbench/plugins/fr.ac6.mcu.externaltools.arm-none.linux64_1.16.0.201807130628/tools/compiler/bin/../lib/gcc/arm-none-eabi/7.2.1/../../../../arm-none-eabi/lib/thumb/v7-m/librdimon_nano.a(rdimon-syscalls.o)
                0x00000000080004e6                _stat
 .text._swiopen
                0x0000000008000520       0xb4 /home/jeremy/Ac6/SystemWorkbench/plugins/fr.ac6.mcu.externaltools.arm-none.linux64_1.16.0.201807130628/tools/compiler/bin/../lib/gcc/arm-none-eabi/7.2.1/../../../../arm-none-eabi/lib/thumb/v7-m/librdimon_nano.a(rdimon-syscalls.o)
                0x0000000008000520                _swiopen
 .text._get_semihosting_exts
                0x00000000080005d4       0xb4 /home/jeremy/Ac6/SystemWorkbench/plugins/fr.ac6.mcu.externaltools.arm-none.linux64_1.16.0.201807130628/tools/compiler/bin/../lib/gcc/arm-none-eabi/7.2.1/../../../../arm-none-eabi/lib/thumb/v7-m/librdimon_nano.a(rdimon-syscalls.o)
                0x00000000080005d4                _get_semihosting_exts
 .text.initialise_semihosting_exts
                0x0000000008000688       0x34 /home/jeremy/Ac6/SystemWorkbench/plugins/fr.ac6.mcu.externaltools.arm-none.linux64_1.16.0.201807130628/tools/compiler/bin/../lib/gcc/arm-none-eabi/7.2.1/../../../../arm-none-eabi/lib/thumb/v7-m/librdimon_nano.a(rdimon-syscalls.o)
 .text._has_ext_stdout_stderr
                0x00000000080006bc       0x18 /home/jeremy/Ac6/SystemWorkbench/plugins/fr.ac6.mcu.externaltools.arm-none.linux64_1.16.0.201807130628/tools/compiler/bin/../lib/gcc/arm-none-eabi/7.2.1/../../../../arm-none-eabi/lib/thumb/v7-m/librdimon_nano.a(rdimon-syscalls.o)
                0x00000000080006bc                _has_ext_stdout_stderr
 .text.initialise_monitor_handles
                0x00000000080006d4       0xbc /home/jeremy/Ac6/SystemWorkbench/plugins/fr.ac6.mcu.externaltools.arm-none.linux64_1.16.0.201807130628/tools/compiler/bin/../lib/gcc/arm-none-eabi/7.2.1/../../../../arm-none-eabi/lib/thumb/v7-m/librdimon_nano.a(rdimon-syscalls.o)
                0x00000000080006d4                initialise_monitor_handles
 .text._isatty  0x0000000008000790       0x38 /home/jeremy/Ac6/SystemWorkbench/plugins/fr.ac6.mcu.externaltools.arm-none.linux64_1.16.0.201807130628/tools/compiler/bin/../lib/gcc/arm-none-eabi/7.2.1/../../../../arm-none-eabi/lib/thumb/v7-m/librdimon_nano.a(rdimon-syscalls.o)
                0x0000000008000790                _isatty
 .text.HAL_InitTick
                0x00000000080007c8       0x48 Drivers/STM32F1xx_HAL_Driver/Src/stm32f1xx_hal.o
                0x00000000080007c8                HAL_InitTick
 .text.HAL_Init
                0x0000000008000810       0x24 Drivers/STM32F1xx_HAL_Driver/Src/stm32f1xx_hal.o
                0x0000000008000810                HAL_Init
 .text.HAL_IncTick
                0x0000000008000834       0x18 Drivers/STM32F1xx_HAL_Driver/Src/stm32f1xx_hal.o
                0x0000000008000834                HAL_IncTick
 .text.HAL_GetTick
                0x000000000800084c        0xc Drivers/STM32F1xx_HAL_Driver/Src/stm32f1xx_hal.o
                0x000000000800084c                HAL_GetTick
 .text.HAL_NVIC_SetPriorityGrouping
                0x0000000008000858       0x24 Drivers/STM32F1xx_HAL_Driver/Src/stm32f1xx_hal_cortex.o
                0x0000000008000858                HAL_NVIC_SetPriorityGrouping
 .text.HAL_NVIC_SetPriority
                0x000000000800087c       0x68 Drivers/STM32F1xx_HAL_Driver/Src/stm32f1xx_hal_cortex.o
                0x000000000800087c                HAL_NVIC_SetPriority
 .text.HAL_NVIC_EnableIRQ
                0x00000000080008e4       0x18 Drivers/STM32F1xx_HAL_Driver/Src/stm32f1xx_hal_cortex.o
                0x00000000080008e4                HAL_NVIC_EnableIRQ
 .text.HAL_SYSTICK_Config
                0x00000000080008fc       0x2c Drivers/STM32F1xx_HAL_Driver/Src/stm32f1xx_hal_cortex.o
                0x00000000080008fc                HAL_SYSTICK_Config
 .text.HAL_SYSTICK_CLKSourceConfig
                0x0000000008000928       0x20 Drivers/STM32F1xx_HAL_Driver/Src/stm32f1xx_hal_cortex.o
                0x0000000008000928                HAL_SYSTICK_CLKSourceConfig
 .text.HAL_SYSTICK_Callback
                0x0000000008000948        0x2 Drivers/STM32F1xx_HAL_Driver/Src/stm32f1xx_hal_cortex.o
                0x0000000008000948                HAL_SYSTICK_Callback
 .text.HAL_SYSTICK_IRQHandler
                0x000000000800094a        0x8 Drivers/STM32F1xx_HAL_Driver/Src/stm32f1xx_hal_cortex.o
                0x000000000800094a                HAL_SYSTICK_IRQHandler
 .text.DMA_SetConfig
                0x0000000008000952       0x2c Drivers/STM32F1xx_HAL_Driver/Src/stm32f1xx_hal_dma.o
 *fill*         0x000000000800097e        0x2 
 .text.HAL_DMA_Init
                0x0000000008000980       0xa0 Drivers/STM32F1xx_HAL_Driver/Src/stm32f1xx_hal_dma.o
                0x0000000008000980                HAL_DMA_Init
 .text.HAL_DMA_Start_IT
                0x0000000008000a20       0x74 Drivers/STM32F1xx_HAL_Driver/Src/stm32f1xx_hal_dma.o
                0x0000000008000a20                HAL_DMA_Start_IT
 .text.HAL_DMA_IRQHandler
                0x0000000008000a94      0x2ec Drivers/STM32F1xx_HAL_Driver/Src/stm32f1xx_hal_dma.o
                0x0000000008000a94                HAL_DMA_IRQHandler
 .text.HAL_GPIO_Init
                0x0000000008000d80      0x1f0 Drivers/STM32F1xx_HAL_Driver/Src/stm32f1xx_hal_gpio.o
                0x0000000008000d80                HAL_GPIO_Init
 .text.RCC_Delay
                0x0000000008000f70       0x2c Drivers/STM32F1xx_HAL_Driver/Src/stm32f1xx_hal_rcc.o
 .text.HAL_RCC_OscConfig
                0x0000000008000f9c      0x3dc Drivers/STM32F1xx_HAL_Driver/Src/stm32f1xx_hal_rcc.o
                0x0000000008000f9c                HAL_RCC_OscConfig
 .text.HAL_RCC_GetSysClockFreq
                0x0000000008001378       0x70 Drivers/STM32F1xx_HAL_Driver/Src/stm32f1xx_hal_rcc.o
                0x0000000008001378                HAL_RCC_GetSysClockFreq
 .text.HAL_RCC_ClockConfig
                0x00000000080013e8      0x178 Drivers/STM32F1xx_HAL_Driver/Src/stm32f1xx_hal_rcc.o
                0x00000000080013e8                HAL_RCC_ClockConfig
 .text.HAL_RCC_GetHCLKFreq
                0x0000000008001560        0xc Drivers/STM32F1xx_HAL_Driver/Src/stm32f1xx_hal_rcc.o
                0x0000000008001560                HAL_RCC_GetHCLKFreq
 .text.TIM_OC1_SetConfig
                0x000000000800156c       0x68 Drivers/STM32F1xx_HAL_Driver/Src/stm32f1xx_hal_tim.o
 .text.TIM_OC3_SetConfig
                0x00000000080015d4       0x70 Drivers/STM32F1xx_HAL_Driver/Src/stm32f1xx_hal_tim.o
 .text.TIM_OC4_SetConfig
                0x0000000008001644       0x50 Drivers/STM32F1xx_HAL_Driver/Src/stm32f1xx_hal_tim.o
 .text.TIM_TI1_ConfigInputStage
                0x0000000008001694       0x24 Drivers/STM32F1xx_HAL_Driver/Src/stm32f1xx_hal_tim.o
 .text.TIM_TI2_ConfigInputStage
                0x00000000080016b8       0x26 Drivers/STM32F1xx_HAL_Driver/Src/stm32f1xx_hal_tim.o
 .text.TIM_ITRx_SetConfig
                0x00000000080016de       0x10 Drivers/STM32F1xx_HAL_Driver/Src/stm32f1xx_hal_tim.o
 .text.TIM_ETR_SetConfig
                0x00000000080016ee       0x16 Drivers/STM32F1xx_HAL_Driver/Src/stm32f1xx_hal_tim.o
 .text.HAL_TIM_PWM_MspInit
                0x0000000008001704        0x2 Drivers/STM32F1xx_HAL_Driver/Src/stm32f1xx_hal_tim.o
                0x0000000008001704                HAL_TIM_PWM_MspInit
 .text.HAL_TIM_ConfigClockSource
                0x0000000008001706      0x108 Drivers/STM32F1xx_HAL_Driver/Src/stm32f1xx_hal_tim.o
                0x0000000008001706                HAL_TIM_ConfigClockSource
 .text.HAL_TIM_PWM_PulseFinishedCallback
                0x000000000800180e        0x2 Drivers/STM32F1xx_HAL_Driver/Src/stm32f1xx_hal_tim.o
                0x000000000800180e                HAL_TIM_PWM_PulseFinishedCallback
 .text.TIM_DMADelayPulseCplt
                0x0000000008001810       0x44 Drivers/STM32F1xx_HAL_Driver/Src/stm32f1xx_hal_tim.o
                0x0000000008001810                TIM_DMADelayPulseCplt
 .text.HAL_TIM_ErrorCallback
                0x0000000008001854        0x2 Drivers/STM32F1xx_HAL_Driver/Src/stm32f1xx_hal_tim.o
                0x0000000008001854                HAL_TIM_ErrorCallback
 .text.TIM_DMAError
                0x0000000008001856       0x10 Drivers/STM32F1xx_HAL_Driver/Src/stm32f1xx_hal_tim.o
                0x0000000008001856                TIM_DMAError
 *fill*         0x0000000008001866        0x2 
 .text.TIM_Base_SetConfig
                0x0000000008001868       0x98 Drivers/STM32F1xx_HAL_Driver/Src/stm32f1xx_hal_tim.o
                0x0000000008001868                TIM_Base_SetConfig
 .text.HAL_TIM_Base_Init
                0x0000000008001900       0x32 Drivers/STM32F1xx_HAL_Driver/Src/stm32f1xx_hal_tim.o
                0x0000000008001900                HAL_TIM_Base_Init
 .text.HAL_TIM_PWM_Init
                0x0000000008001932       0x32 Drivers/STM32F1xx_HAL_Driver/Src/stm32f1xx_hal_tim.o
                0x0000000008001932                HAL_TIM_PWM_Init
 .text.TIM_OC2_SetConfig
                0x0000000008001964       0x70 Drivers/STM32F1xx_HAL_Driver/Src/stm32f1xx_hal_tim.o
                0x0000000008001964                TIM_OC2_SetConfig
 .text.HAL_TIM_PWM_ConfigChannel
                0x00000000080019d4       0xdc Drivers/STM32F1xx_HAL_Driver/Src/stm32f1xx_hal_tim.o
                0x00000000080019d4                HAL_TIM_PWM_ConfigChannel
 .text.TIM_CCxChannelCmd
                0x0000000008001ab0       0x1c Drivers/STM32F1xx_HAL_Driver/Src/stm32f1xx_hal_tim.o
                0x0000000008001ab0                TIM_CCxChannelCmd
 .text.HAL_TIM_PWM_Start_DMA
                0x0000000008001acc      0x114 Drivers/STM32F1xx_HAL_Driver/Src/stm32f1xx_hal_tim.o
                0x0000000008001acc                HAL_TIM_PWM_Start_DMA
 .text.HAL_TIMEx_MasterConfigSynchronization
                0x0000000008001be0       0x52 Drivers/STM32F1xx_HAL_Driver/Src/stm32f1xx_hal_tim_ex.o
                0x0000000008001be0                HAL_TIMEx_MasterConfigSynchronization
 *fill*         0x0000000008001c32        0x2 
 .text._ZL12MX_GPIO_Initv
                0x0000000008001c34       0x30 Src/main.o
 .text._ZL11MX_DMA_Initv
                0x0000000008001c64       0x34 Src/main.o
 .text._Error_Handler
                0x0000000008001c98        0x2 Src/main.o
                0x0000000008001c98                _Error_Handler
 *fill*         0x0000000008001c9a        0x2 
 .text._ZL12MX_TIM2_Initv
                0x0000000008001c9c       0xa4 Src/main.o
 .text._Z18SystemClock_Configv
                0x0000000008001d40       0x84 Src/main.o
                0x0000000008001d40                SystemClock_Config()
 .text.main     0x0000000008001dc4       0x34 Src/main.o
                0x0000000008001dc4                main
 .text.HAL_MspInit
                0x0000000008001df8       0xa0 Src/stm32f1xx_hal_msp.o
                0x0000000008001df8                HAL_MspInit
 .text.HAL_TIM_Base_MspInit
                0x0000000008001e98       0x74 Src/stm32f1xx_hal_msp.o
                0x0000000008001e98                HAL_TIM_Base_MspInit
 .text._Z19HAL_TIM_MspPostInitP17TIM_HandleTypeDef
                0x0000000008001f0c       0x2c Src/stm32f1xx_hal_msp.o
                0x0000000008001f0c                HAL_TIM_MspPostInit(TIM_HandleTypeDef*)
 .text.NMI_Handler
                0x0000000008001f38        0x2 Src/stm32f1xx_it.o
                0x0000000008001f38                NMI_Handler
 .text.HardFault_Handler
                0x0000000008001f3a        0x2 Src/stm32f1xx_it.o
                0x0000000008001f3a                HardFault_Handler
 .text.MemManage_Handler
                0x0000000008001f3c        0x2 Src/stm32f1xx_it.o
                0x0000000008001f3c                MemManage_Handler
 .text.BusFault_Handler
                0x0000000008001f3e        0x2 Src/stm32f1xx_it.o
                0x0000000008001f3e                BusFault_Handler
 .text.UsageFault_Handler
                0x0000000008001f40        0x2 Src/stm32f1xx_it.o
                0x0000000008001f40                UsageFault_Handler
 .text.SVC_Handler
                0x0000000008001f42        0x2 Src/stm32f1xx_it.o
                0x0000000008001f42                SVC_Handler
 .text.DebugMon_Handler
                0x0000000008001f44        0x2 Src/stm32f1xx_it.o
                0x0000000008001f44                DebugMon_Handler
 .text.PendSV_Handler
                0x0000000008001f46        0x2 Src/stm32f1xx_it.o
                0x0000000008001f46                PendSV_Handler
 .text.SysTick_Handler
                0x0000000008001f48        0xc Src/stm32f1xx_it.o
                0x0000000008001f48                SysTick_Handler
 .text.DMA1_Channel7_IRQHandler
                0x0000000008001f54       0x10 Src/stm32f1xx_it.o
                0x0000000008001f54                DMA1_Channel7_IRQHandler
 .text.SystemInit
                0x0000000008001f64       0x4c Src/system_stm32f1xx.o
                0x0000000008001f64                SystemInit
 .text._Z9dma_startv
                0x0000000008001fb0       0x18 Src/ws2812.o
                0x0000000008001fb0                dma_start()
 .text._Z11setLEDcolormhhh
                0x0000000008001fc8       0xb0 Src/ws2812.o
                0x0000000008001fc8                setLEDcolor(unsigned long, unsigned char, unsigned char, unsigned char)
 .text._Z13setStripColorhhh
                0x0000000008002078       0x20 Src/ws2812.o
                0x0000000008002078                setStripColor(unsigned char, unsigned char, unsigned char)
 .text._Z13LED_black_outv
                0x0000000008002098       0x44 Src/ws2812.o
                0x0000000008002098                LED_black_out()
 .text._Z11ws2812_initv
                0x00000000080020dc        0xc Src/ws2812.o
                0x00000000080020dc                ws2812_init()
 .text.Reset_Handler
                0x00000000080020e8       0x48 startup/startup_stm32f103xe.o
                0x00000000080020e8                Reset_Handler
 .text.Default_Handler
                0x0000000008002130        0x2 startup/startup_stm32f103xe.o
                0x0000000008002130                RTC_Alarm_IRQHandler
                0x0000000008002130                EXTI2_IRQHandler
                0x0000000008002130                TIM8_TRG_COM_IRQHandler
                0x0000000008002130                TIM8_CC_IRQHandler
                0x0000000008002130                TIM1_CC_IRQHandler
                0x0000000008002130                TIM6_IRQHandler
                0x0000000008002130                PVD_IRQHandler
                0x0000000008002130                SDIO_IRQHandler
                0x0000000008002130                EXTI3_IRQHandler
                0x0000000008002130                EXTI0_IRQHandler
                0x0000000008002130                I2C2_EV_IRQHandler
                0x0000000008002130                ADC1_2_IRQHandler
                0x0000000008002130                SPI1_IRQHandler
                0x0000000008002130                TAMPER_IRQHandler
                0x0000000008002130                TIM8_UP_IRQHandler
                0x0000000008002130                DMA2_Channel2_IRQHandler
                0x0000000008002130                DMA1_Channel4_IRQHandler
                0x0000000008002130                USART3_IRQHandler
                0x0000000008002130                RTC_IRQHandler
                0x0000000008002130                CAN1_RX1_IRQHandler
                0x0000000008002130                UART5_IRQHandler
                0x0000000008002130                ADC3_IRQHandler
                0x0000000008002130                TIM4_IRQHandler
                0x0000000008002130                DMA2_Channel1_IRQHandler
                0x0000000008002130                I2C1_EV_IRQHandler
                0x0000000008002130                DMA1_Channel6_IRQHandler
                0x0000000008002130                UART4_IRQHandler
                0x0000000008002130                TIM3_IRQHandler
                0x0000000008002130                RCC_IRQHandler
                0x0000000008002130                TIM1_TRG_COM_IRQHandler
                0x0000000008002130                DMA1_Channel1_IRQHandler
                0x0000000008002130                Default_Handler
                0x0000000008002130                EXTI15_10_IRQHandler
                0x0000000008002130                TIM7_IRQHandler
                0x0000000008002130                TIM5_IRQHandler
                0x0000000008002130                EXTI9_5_IRQHandler
                0x0000000008002130                SPI2_IRQHandler
                0x0000000008002130                DMA1_Channel5_IRQHandler
                0x0000000008002130                EXTI4_IRQHandler
                0x0000000008002130                USB_LP_CAN1_RX0_IRQHandler
                0x0000000008002130                USB_HP_CAN1_TX_IRQHandler
                0x0000000008002130                DMA1_Channel3_IRQHandler
                0x0000000008002130                FSMC_IRQHandler
                0x0000000008002130                TIM1_UP_IRQHandler
                0x0000000008002130                WWDG_IRQHandler
                0x0000000008002130                TIM2_IRQHandler
                0x0000000008002130                TIM1_BRK_IRQHandler
                0x0000000008002130                EXTI1_IRQHandler
                0x0000000008002130                DMA2_Channel4_5_IRQHandler
                0x0000000008002130                USART2_IRQHandler
                0x0000000008002130                I2C2_ER_IRQHandler
                0x0000000008002130                DMA1_Channel2_IRQHandler
                0x0000000008002130                TIM8_BRK_IRQHandler
                0x0000000008002130                CAN1_SCE_IRQHandler
                0x0000000008002130                FLASH_IRQHandler
                0x0000000008002130                USART1_IRQHandler
                0x0000000008002130                SPI3_IRQHandler
                0x0000000008002130                I2C1_ER_IRQHandler
                0x0000000008002130                USBWakeUp_IRQHandler
                0x0000000008002130                DMA2_Channel3_IRQHandler
 *fill*         0x0000000008002132        0x2 
 .text.__errno  0x0000000008002134        0xc /home/jeremy/Ac6/SystemWorkbench/plugins/fr.ac6.mcu.externaltools.arm-none.linux64_1.16.0.201807130628/tools/compiler/bin/../lib/gcc/arm-none-eabi/7.2.1/../../../../arm-none-eabi/lib/thumb/v7-m/libc_nano.a(lib_a-errno.o)
                0x0000000008002134                __errno
 .text.std      0x0000000008002140       0x48 /home/jeremy/Ac6/SystemWorkbench/plugins/fr.ac6.mcu.externaltools.arm-none.linux64_1.16.0.201807130628/tools/compiler/bin/../lib/gcc/arm-none-eabi/7.2.1/../../../../arm-none-eabi/lib/thumb/v7-m/libc_nano.a(lib_a-findfp.o)
 .text._cleanup_r
                0x0000000008002188        0xc /home/jeremy/Ac6/SystemWorkbench/plugins/fr.ac6.mcu.externaltools.arm-none.linux64_1.16.0.201807130628/tools/compiler/bin/../lib/gcc/arm-none-eabi/7.2.1/../../../../arm-none-eabi/lib/thumb/v7-m/libc_nano.a(lib_a-findfp.o)
                0x0000000008002188                _cleanup_r
 .text.__sfmoreglue
                0x0000000008002194       0x2c /home/jeremy/Ac6/SystemWorkbench/plugins/fr.ac6.mcu.externaltools.arm-none.linux64_1.16.0.201807130628/tools/compiler/bin/../lib/gcc/arm-none-eabi/7.2.1/../../../../arm-none-eabi/lib/thumb/v7-m/libc_nano.a(lib_a-findfp.o)
                0x0000000008002194                __sfmoreglue
 .text.__sinit  0x00000000080021c0       0x60 /home/jeremy/Ac6/SystemWorkbench/plugins/fr.ac6.mcu.externaltools.arm-none.linux64_1.16.0.201807130628/tools/compiler/bin/../lib/gcc/arm-none-eabi/7.2.1/../../../../arm-none-eabi/lib/thumb/v7-m/libc_nano.a(lib_a-findfp.o)
                0x00000000080021c0                __sinit
 .text.__sfp    0x0000000008002220       0x78 /home/jeremy/Ac6/SystemWorkbench/plugins/fr.ac6.mcu.externaltools.arm-none.linux64_1.16.0.201807130628/tools/compiler/bin/../lib/gcc/arm-none-eabi/7.2.1/../../../../arm-none-eabi/lib/thumb/v7-m/libc_nano.a(lib_a-findfp.o)
                0x0000000008002220                __sfp
 .text._fwalk_reent
                0x0000000008002298       0x3c /home/jeremy/Ac6/SystemWorkbench/plugins/fr.ac6.mcu.externaltools.arm-none.linux64_1.16.0.201807130628/tools/compiler/bin/../lib/gcc/arm-none-eabi/7.2.1/../../../../arm-none-eabi/lib/thumb/v7-m/libc_nano.a(lib_a-fwalk.o)
                0x0000000008002298                _fwalk_reent
 .text.__libc_init_array
                0x00000000080022d4       0x48 /home/jeremy/Ac6/SystemWorkbench/plugins/fr.ac6.mcu.externaltools.arm-none.linux64_1.16.0.201807130628/tools/compiler/bin/../lib/gcc/arm-none-eabi/7.2.1/../../../../arm-none-eabi/lib/thumb/v7-m/libc_nano.a(lib_a-init.o)
                0x00000000080022d4                __libc_init_array
 .text.memset   0x000000000800231c       0x10 /home/jeremy/Ac6/SystemWorkbench/plugins/fr.ac6.mcu.externaltools.arm-none.linux64_1.16.0.201807130628/tools/compiler/bin/../lib/gcc/arm-none-eabi/7.2.1/../../../../arm-none-eabi/lib/thumb/v7-m/libc_nano.a(lib_a-memset.o)
                0x000000000800231c                memset
 .text._malloc_r
                0x000000000800232c       0xb4 /home/jeremy/Ac6/SystemWorkbench/plugins/fr.ac6.mcu.externaltools.arm-none.linux64_1.16.0.201807130628/tools/compiler/bin/../lib/gcc/arm-none-eabi/7.2.1/../../../../arm-none-eabi/lib/thumb/v7-m/libc_nano.a(lib_a-nano-mallocr.o)
                0x000000000800232c                _malloc_r
 .text._puts_r  0x00000000080023e0       0xb8 /home/jeremy/Ac6/SystemWorkbench/plugins/fr.ac6.mcu.externaltools.arm-none.linux64_1.16.0.201807130628/tools/compiler/bin/../lib/gcc/arm-none-eabi/7.2.1/../../../../arm-none-eabi/lib/thumb/v7-m/libc_nano.a(lib_a-puts.o)
                0x00000000080023e0                _puts_r
 .text.puts     0x0000000008002498       0x10 /home/jeremy/Ac6/SystemWorkbench/plugins/fr.ac6.mcu.externaltools.arm-none.linux64_1.16.0.201807130628/tools/compiler/bin/../lib/gcc/arm-none-eabi/7.2.1/../../../../arm-none-eabi/lib/thumb/v7-m/libc_nano.a(lib_a-puts.o)
                0x0000000008002498                puts
 .text._sbrk_r  0x00000000080024a8       0x20 /home/jeremy/Ac6/SystemWorkbench/plugins/fr.ac6.mcu.externaltools.arm-none.linux64_1.16.0.201807130628/tools/compiler/bin/../lib/gcc/arm-none-eabi/7.2.1/../../../../arm-none-eabi/lib/thumb/v7-m/libc_nano.a(lib_a-sbrkr.o)
                0x00000000080024a8                _sbrk_r
 .text.__sread  0x00000000080024c8       0x22 /home/jeremy/Ac6/SystemWorkbench/plugins/fr.ac6.mcu.externaltools.arm-none.linux64_1.16.0.201807130628/tools/compiler/bin/../lib/gcc/arm-none-eabi/7.2.1/../../../../arm-none-eabi/lib/thumb/v7-m/libc_nano.a(lib_a-stdio.o)
                0x00000000080024c8                __sread
 .text.__swrite
                0x00000000080024ea       0x38 /home/jeremy/Ac6/SystemWorkbench/plugins/fr.ac6.mcu.externaltools.arm-none.linux64_1.16.0.201807130628/tools/compiler/bin/../lib/gcc/arm-none-eabi/7.2.1/../../../../arm-none-eabi/lib/thumb/v7-m/libc_nano.a(lib_a-stdio.o)
                0x00000000080024ea                __swrite
 .text.__sseek  0x0000000008002522       0x24 /home/jeremy/Ac6/SystemWorkbench/plugins/fr.ac6.mcu.externaltools.arm-none.linux64_1.16.0.201807130628/tools/compiler/bin/../lib/gcc/arm-none-eabi/7.2.1/../../../../arm-none-eabi/lib/thumb/v7-m/libc_nano.a(lib_a-stdio.o)
                0x0000000008002522                __sseek
 .text.__sclose
                0x0000000008002546        0x8 /home/jeremy/Ac6/SystemWorkbench/plugins/fr.ac6.mcu.externaltools.arm-none.linux64_1.16.0.201807130628/tools/compiler/bin/../lib/gcc/arm-none-eabi/7.2.1/../../../../arm-none-eabi/lib/thumb/v7-m/libc_nano.a(lib_a-stdio.o)
                0x0000000008002546                __sclose
 *fill*         0x000000000800254e        0x2 
 .text.__swbuf_r
                0x0000000008002550       0xa4 /home/jeremy/Ac6/SystemWorkbench/plugins/fr.ac6.mcu.externaltools.arm-none.linux64_1.16.0.201807130628/tools/compiler/bin/../lib/gcc/arm-none-eabi/7.2.1/../../../../arm-none-eabi/lib/thumb/v7-m/libc_nano.a(lib_a-wbuf.o)
                0x0000000008002550                __swbuf_r
 .text._write_r
                0x00000000080025f4       0x24 /home/jeremy/Ac6/SystemWorkbench/plugins/fr.ac6.mcu.externaltools.arm-none.linux64_1.16.0.201807130628/tools/compiler/bin/../lib/gcc/arm-none-eabi/7.2.1/../../../../arm-none-eabi/lib/thumb/v7-m/libc_nano.a(lib_a-writer.o)
                0x00000000080025f4                _write_r
 .text.__swsetup_r
                0x0000000008002618       0xdc /home/jeremy/Ac6/SystemWorkbench/plugins/fr.ac6.mcu.externaltools.arm-none.linux64_1.16.0.201807130628/tools/compiler/bin/../lib/gcc/arm-none-eabi/7.2.1/../../../../arm-none-eabi/lib/thumb/v7-m/libc_nano.a(lib_a-wsetup.o)
                0x0000000008002618                __swsetup_r
 .text._close_r
                0x00000000080026f4       0x20 /home/jeremy/Ac6/SystemWorkbench/plugins/fr.ac6.mcu.externaltools.arm-none.linux64_1.16.0.201807130628/tools/compiler/bin/../lib/gcc/arm-none-eabi/7.2.1/../../../../arm-none-eabi/lib/thumb/v7-m/libc_nano.a(lib_a-closer.o)
                0x00000000080026f4                _close_r
 .text.__sflush_r
                0x0000000008002714      0x10c /home/jeremy/Ac6/SystemWorkbench/plugins/fr.ac6.mcu.externaltools.arm-none.linux64_1.16.0.201807130628/tools/compiler/bin/../lib/gcc/arm-none-eabi/7.2.1/../../../../arm-none-eabi/lib/thumb/v7-m/libc_nano.a(lib_a-fflush.o)
                0x0000000008002714                __sflush_r
 .text._fflush_r
                0x0000000008002820       0x54 /home/jeremy/Ac6/SystemWorkbench/plugins/fr.ac6.mcu.externaltools.arm-none.linux64_1.16.0.201807130628/tools/compiler/bin/../lib/gcc/arm-none-eabi/7.2.1/../../../../arm-none-eabi/lib/thumb/v7-m/libc_nano.a(lib_a-fflush.o)
                0x0000000008002820                _fflush_r
 .text._lseek_r
                0x0000000008002874       0x24 /home/jeremy/Ac6/SystemWorkbench/plugins/fr.ac6.mcu.externaltools.arm-none.linux64_1.16.0.201807130628/tools/compiler/bin/../lib/gcc/arm-none-eabi/7.2.1/../../../../arm-none-eabi/lib/thumb/v7-m/libc_nano.a(lib_a-lseekr.o)
                0x0000000008002874                _lseek_r
 .text.__swhatbuf_r
                0x0000000008002898       0x48 /home/jeremy/Ac6/SystemWorkbench/plugins/fr.ac6.mcu.externaltools.arm-none.linux64_1.16.0.201807130628/tools/compiler/bin/../lib/gcc/arm-none-eabi/7.2.1/../../../../arm-none-eabi/lib/thumb/v7-m/libc_nano.a(lib_a-makebuf.o)
                0x0000000008002898                __swhatbuf_r
 .text.__smakebuf_r
                0x00000000080028e0       0x80 /home/jeremy/Ac6/SystemWorkbench/plugins/fr.ac6.mcu.externaltools.arm-none.linux64_1.16.0.201807130628/tools/compiler/bin/../lib/gcc/arm-none-eabi/7.2.1/../../../../arm-none-eabi/lib/thumb/v7-m/libc_nano.a(lib_a-makebuf.o)
                0x00000000080028e0                __smakebuf_r
 .text.__malloc_lock
                0x0000000008002960        0x2 /home/jeremy/Ac6/SystemWorkbench/plugins/fr.ac6.mcu.externaltools.arm-none.linux64_1.16.0.201807130628/tools/compiler/bin/../lib/gcc/arm-none-eabi/7.2.1/../../../../arm-none-eabi/lib/thumb/v7-m/libc_nano.a(lib_a-mlock.o)
                0x0000000008002960                __malloc_lock
 .text.__malloc_unlock
                0x0000000008002962        0x2 /home/jeremy/Ac6/SystemWorkbench/plugins/fr.ac6.mcu.externaltools.arm-none.linux64_1.16.0.201807130628/tools/compiler/bin/../lib/gcc/arm-none-eabi/7.2.1/../../../../arm-none-eabi/lib/thumb/v7-m/libc_nano.a(lib_a-mlock.o)
                0x0000000008002962                __malloc_unlock
 .text._free_r  0x0000000008002964       0x98 /home/jeremy/Ac6/SystemWorkbench/plugins/fr.ac6.mcu.externaltools.arm-none.linux64_1.16.0.201807130628/tools/compiler/bin/../lib/gcc/arm-none-eabi/7.2.1/../../../../arm-none-eabi/lib/thumb/v7-m/libc_nano.a(lib_a-nano-freer.o)
                0x0000000008002964                _free_r
 .text._read_r  0x00000000080029fc       0x24 /home/jeremy/Ac6/SystemWorkbench/plugins/fr.ac6.mcu.externaltools.arm-none.linux64_1.16.0.201807130628/tools/compiler/bin/../lib/gcc/arm-none-eabi/7.2.1/../../../../arm-none-eabi/lib/thumb/v7-m/libc_nano.a(lib_a-readr.o)
                0x00000000080029fc                _read_r
 .text._fstat_r
                0x0000000008002a20       0x24 /home/jeremy/Ac6/SystemWorkbench/plugins/fr.ac6.mcu.externaltools.arm-none.linux64_1.16.0.201807130628/tools/compiler/bin/../lib/gcc/arm-none-eabi/7.2.1/../../../../arm-none-eabi/lib/thumb/v7-m/libc_nano.a(lib_a-fstatr.o)
                0x0000000008002a20                _fstat_r
 .text._isatty_r
                0x0000000008002a44       0x20 /home/jeremy/Ac6/SystemWorkbench/plugins/fr.ac6.mcu.externaltools.arm-none.linux64_1.16.0.201807130628/tools/compiler/bin/../lib/gcc/arm-none-eabi/7.2.1/../../../../arm-none-eabi/lib/thumb/v7-m/libc_nano.a(lib_a-isattyr.o)
                0x0000000008002a44                _isatty_r
 *(.glue_7)
 .glue_7        0x0000000008002a64        0x0 linker stubs
 *(.glue_7t)
 .glue_7t       0x0000000008002a64        0x0 linker stubs
 *(.eh_frame)
 .eh_frame      0x0000000008002a64        0x0 /home/jeremy/Ac6/SystemWorkbench/plugins/fr.ac6.mcu.externaltools.arm-none.linux64_1.16.0.201807130628/tools/compiler/bin/../lib/gcc/arm-none-eabi/7.2.1/thumb/v7-m/crtbegin.o
 *(.init)
 .init          0x0000000008002a64        0x4 /home/jeremy/Ac6/SystemWorkbench/plugins/fr.ac6.mcu.externaltools.arm-none.linux64_1.16.0.201807130628/tools/compiler/bin/../lib/gcc/arm-none-eabi/7.2.1/thumb/v7-m/crti.o
                0x0000000008002a64                _init
 .init          0x0000000008002a68        0x8 /home/jeremy/Ac6/SystemWorkbench/plugins/fr.ac6.mcu.externaltools.arm-none.linux64_1.16.0.201807130628/tools/compiler/bin/../lib/gcc/arm-none-eabi/7.2.1/thumb/v7-m/crtn.o
 *(.fini)
 .fini          0x0000000008002a70        0x4 /home/jeremy/Ac6/SystemWorkbench/plugins/fr.ac6.mcu.externaltools.arm-none.linux64_1.16.0.201807130628/tools/compiler/bin/../lib/gcc/arm-none-eabi/7.2.1/thumb/v7-m/crti.o
                0x0000000008002a70                _fini
 .fini          0x0000000008002a74        0x8 /home/jeremy/Ac6/SystemWorkbench/plugins/fr.ac6.mcu.externaltools.arm-none.linux64_1.16.0.201807130628/tools/compiler/bin/../lib/gcc/arm-none-eabi/7.2.1/thumb/v7-m/crtn.o
                0x0000000008002a7c                . = ALIGN (0x4)
                0x0000000008002a7c                _etext = .

.vfp11_veneer   0x0000000008002a7c        0x0
 .vfp11_veneer  0x0000000008002a7c        0x0 linker stubs

.v4_bx          0x0000000008002a7c        0x0
 .v4_bx         0x0000000008002a7c        0x0 linker stubs

.iplt           0x0000000008002a7c        0x0
 .iplt          0x0000000008002a7c        0x0 /home/jeremy/Ac6/SystemWorkbench/plugins/fr.ac6.mcu.externaltools.arm-none.linux64_1.16.0.201807130628/tools/compiler/bin/../lib/gcc/arm-none-eabi/7.2.1/thumb/v7-m/crtbegin.o

.rodata         0x0000000008002a7c       0xe4
                0x0000000008002a7c                . = ALIGN (0x4)
 *(.rodata)
 .rodata        0x0000000008002a7c       0x12 Drivers/STM32F1xx_HAL_Driver/Src/stm32f1xx_hal_rcc.o
 *fill*         0x0000000008002a8e        0x2 
 .rodata        0x0000000008002a90       0x18 Src/system_stm32f1xx.o
                0x0000000008002a90                AHBPrescTable
                0x0000000008002aa0                APBPrescTable
 *(.rodata*)
 .rodata._get_semihosting_exts.str1.1
                0x0000000008002aa8       0x16 /home/jeremy/Ac6/SystemWorkbench/plugins/fr.ac6.mcu.externaltools.arm-none.linux64_1.16.0.201807130628/tools/compiler/bin/../lib/gcc/arm-none-eabi/7.2.1/../../../../arm-none-eabi/lib/thumb/v7-m/librdimon_nano.a(rdimon-syscalls.o)
 .rodata.initialise_monitor_handles.str1.1
                0x0000000008002abe        0x4 /home/jeremy/Ac6/SystemWorkbench/plugins/fr.ac6.mcu.externaltools.arm-none.linux64_1.16.0.201807130628/tools/compiler/bin/../lib/gcc/arm-none-eabi/7.2.1/../../../../arm-none-eabi/lib/thumb/v7-m/librdimon_nano.a(rdimon-syscalls.o)
 *fill*         0x0000000008002ac2        0x2 
 .rodata.str1.4
                0x0000000008002ac4       0x17 Src/main.o
 *fill*         0x0000000008002adb        0x1 
 .rodata.str1.4
                0x0000000008002adc       0x20 Src/stm32f1xx_hal_msp.o
                                         0x1d (size before relaxing)
 .rodata.__sf_fake_stderr
                0x0000000008002afc       0x20 /home/jeremy/Ac6/SystemWorkbench/plugins/fr.ac6.mcu.externaltools.arm-none.linux64_1.16.0.201807130628/tools/compiler/bin/../lib/gcc/arm-none-eabi/7.2.1/../../../../arm-none-eabi/lib/thumb/v7-m/libc_nano.a(lib_a-findfp.o)
                0x0000000008002afc                __sf_fake_stderr
 .rodata.__sf_fake_stdin
                0x0000000008002b1c       0x20 /home/jeremy/Ac6/SystemWorkbench/plugins/fr.ac6.mcu.externaltools.arm-none.linux64_1.16.0.201807130628/tools/compiler/bin/../lib/gcc/arm-none-eabi/7.2.1/../../../../arm-none-eabi/lib/thumb/v7-m/libc_nano.a(lib_a-findfp.o)
                0x0000000008002b1c                __sf_fake_stdin
 .rodata.__sf_fake_stdout
                0x0000000008002b3c       0x20 /home/jeremy/Ac6/SystemWorkbench/plugins/fr.ac6.mcu.externaltools.arm-none.linux64_1.16.0.201807130628/tools/compiler/bin/../lib/gcc/arm-none-eabi/7.2.1/../../../../arm-none-eabi/lib/thumb/v7-m/libc_nano.a(lib_a-findfp.o)
                0x0000000008002b3c                __sf_fake_stdout
 .rodata._global_impure_ptr
                0x0000000008002b5c        0x4 /home/jeremy/Ac6/SystemWorkbench/plugins/fr.ac6.mcu.externaltools.arm-none.linux64_1.16.0.201807130628/tools/compiler/bin/../lib/gcc/arm-none-eabi/7.2.1/../../../../arm-none-eabi/lib/thumb/v7-m/libc_nano.a(lib_a-impure.o)
                0x0000000008002b5c                _global_impure_ptr
                0x0000000008002b60                . = ALIGN (0x4)

.rel.dyn        0x0000000008002b60        0x0
 .rel.iplt      0x0000000008002b60        0x0 /home/jeremy/Ac6/SystemWorkbench/plugins/fr.ac6.mcu.externaltools.arm-none.linux64_1.16.0.201807130628/tools/compiler/bin/../lib/gcc/arm-none-eabi/7.2.1/thumb/v7-m/crtbegin.o

.ARM.extab
 *(.ARM.extab* .gnu.linkonce.armextab.*)

.ARM            0x0000000008002b60        0x0
                0x0000000008002b60                __exidx_start = .
 *(.ARM.exidx*)
                0x0000000008002b60                __exidx_end = .

.preinit_array  0x0000000008002b60        0x0
                0x0000000008002b60                PROVIDE (__preinit_array_start, .)
 *(.preinit_array*)
                0x0000000008002b60                PROVIDE (__preinit_array_end, .)

.init_array     0x0000000008002b60        0x4
                0x0000000008002b60                PROVIDE (__init_array_start, .)
 *(SORT_BY_NAME(.init_array.*))
 *(.init_array*)
 .init_array    0x0000000008002b60        0x4 /home/jeremy/Ac6/SystemWorkbench/plugins/fr.ac6.mcu.externaltools.arm-none.linux64_1.16.0.201807130628/tools/compiler/bin/../lib/gcc/arm-none-eabi/7.2.1/thumb/v7-m/crtbegin.o
                0x0000000008002b64                PROVIDE (__init_array_end, .)

.fini_array     0x0000000008002b64        0x4
                [!provide]                        PROVIDE (__fini_array_start, .)
 *(SORT_BY_NAME(.fini_array.*))
 *(.fini_array*)
 .fini_array    0x0000000008002b64        0x4 /home/jeremy/Ac6/SystemWorkbench/plugins/fr.ac6.mcu.externaltools.arm-none.linux64_1.16.0.201807130628/tools/compiler/bin/../lib/gcc/arm-none-eabi/7.2.1/thumb/v7-m/crtbegin.o
                [!provide]                        PROVIDE (__fini_array_end, .)
                0x0000000008002b68                _sidata = LOADADDR (.data)

.data           0x0000000020000000       0x7c load address 0x0000000008002b68
                0x0000000020000000                . = ALIGN (0x4)
                0x0000000020000000                _sdata = .
 *(.data)
 .data          0x0000000020000000        0x8 Drivers/STM32F1xx_HAL_Driver/Src/stm32f1xx_hal.o
                0x0000000020000000                uwTickFreq
                0x0000000020000004                uwTickPrio
 .data          0x0000000020000008        0x4 Src/system_stm32f1xx.o
                0x0000000020000008                SystemCoreClock
 *(.data*)
 .data.__heap_limit
                0x000000002000000c        0x4 /home/jeremy/Ac6/SystemWorkbench/plugins/fr.ac6.mcu.externaltools.arm-none.linux64_1.16.0.201807130628/tools/compiler/bin/../lib/gcc/arm-none-eabi/7.2.1/../../../../arm-none-eabi/lib/thumb/v7-m/librdimon_nano.a(rdimon-syscalls.o)
                0x000000002000000c                __heap_limit
 .data.supports_ext_exit_extended
                0x0000000020000010        0x4 /home/jeremy/Ac6/SystemWorkbench/plugins/fr.ac6.mcu.externaltools.arm-none.linux64_1.16.0.201807130628/tools/compiler/bin/../lib/gcc/arm-none-eabi/7.2.1/../../../../arm-none-eabi/lib/thumb/v7-m/librdimon_nano.a(rdimon-syscalls.o)
 .data.supports_ext_stdout_stderr
                0x0000000020000014        0x4 /home/jeremy/Ac6/SystemWorkbench/plugins/fr.ac6.mcu.externaltools.arm-none.linux64_1.16.0.201807130628/tools/compiler/bin/../lib/gcc/arm-none-eabi/7.2.1/../../../../arm-none-eabi/lib/thumb/v7-m/librdimon_nano.a(rdimon-syscalls.o)
 .data._impure_ptr
                0x0000000020000018        0x4 /home/jeremy/Ac6/SystemWorkbench/plugins/fr.ac6.mcu.externaltools.arm-none.linux64_1.16.0.201807130628/tools/compiler/bin/../lib/gcc/arm-none-eabi/7.2.1/../../../../arm-none-eabi/lib/thumb/v7-m/libc_nano.a(lib_a-impure.o)
                0x0000000020000018                _impure_ptr
 .data.impure_data
                0x000000002000001c       0x60 /home/jeremy/Ac6/SystemWorkbench/plugins/fr.ac6.mcu.externaltools.arm-none.linux64_1.16.0.201807130628/tools/compiler/bin/../lib/gcc/arm-none-eabi/7.2.1/../../../../arm-none-eabi/lib/thumb/v7-m/libc_nano.a(lib_a-impure.o)
                0x000000002000007c                . = ALIGN (0x4)
                0x000000002000007c                _edata = .

.igot.plt       0x000000002000007c        0x0 load address 0x0000000008002be4
 .igot.plt      0x000000002000007c        0x0 /home/jeremy/Ac6/SystemWorkbench/plugins/fr.ac6.mcu.externaltools.arm-none.linux64_1.16.0.201807130628/tools/compiler/bin/../lib/gcc/arm-none-eabi/7.2.1/thumb/v7-m/crtbegin.o
                0x000000002000007c                . = ALIGN (0x4)

.bss            0x000000002000007c      0x23c load address 0x0000000008002be4
                0x000000002000007c                _sbss = .
                0x000000002000007c                __bss_start__ = _sbss
 *(.bss)
 .bss           0x000000002000007c       0x1c /home/jeremy/Ac6/SystemWorkbench/plugins/fr.ac6.mcu.externaltools.arm-none.linux64_1.16.0.201807130628/tools/compiler/bin/../lib/gcc/arm-none-eabi/7.2.1/thumb/v7-m/crtbegin.o
 .bss           0x0000000020000098       0x84 Src/main.o
                0x0000000020000098                htim2
                0x00000000200000d8                hdma_tim2_ch2_ch4
 .bss           0x000000002000011c       0xdc Src/ws2812.o
                0x000000002000011c                LEDbuffer
 *(.bss*)
 .bss.heap_end.6246
                0x00000000200001f8        0x4 /home/jeremy/Ac6/SystemWorkbench/plugins/fr.ac6.mcu.externaltools.arm-none.linux64_1.16.0.201807130628/tools/compiler/bin/../lib/gcc/arm-none-eabi/7.2.1/../../../../arm-none-eabi/lib/thumb/v7-m/librdimon_nano.a(rdimon-syscalls.o)
 .bss.monitor_stderr
                0x00000000200001fc        0x4 /home/jeremy/Ac6/SystemWorkbench/plugins/fr.ac6.mcu.externaltools.arm-none.linux64_1.16.0.201807130628/tools/compiler/bin/../lib/gcc/arm-none-eabi/7.2.1/../../../../arm-none-eabi/lib/thumb/v7-m/librdimon_nano.a(rdimon-syscalls.o)
 .bss.monitor_stdin
                0x0000000020000200        0x4 /home/jeremy/Ac6/SystemWorkbench/plugins/fr.ac6.mcu.externaltools.arm-none.linux64_1.16.0.201807130628/tools/compiler/bin/../lib/gcc/arm-none-eabi/7.2.1/../../../../arm-none-eabi/lib/thumb/v7-m/librdimon_nano.a(rdimon-syscalls.o)
 .bss.monitor_stdout
                0x0000000020000204        0x4 /home/jeremy/Ac6/SystemWorkbench/plugins/fr.ac6.mcu.externaltools.arm-none.linux64_1.16.0.201807130628/tools/compiler/bin/../lib/gcc/arm-none-eabi/7.2.1/../../../../arm-none-eabi/lib/thumb/v7-m/librdimon_nano.a(rdimon-syscalls.o)
 .bss.openfiles
                0x0000000020000208       0xa0 /home/jeremy/Ac6/SystemWorkbench/plugins/fr.ac6.mcu.externaltools.arm-none.linux64_1.16.0.201807130628/tools/compiler/bin/../lib/gcc/arm-none-eabi/7.2.1/../../../../arm-none-eabi/lib/thumb/v7-m/librdimon_nano.a(rdimon-syscalls.o)
 .bss.__malloc_free_list
                0x00000000200002a8        0x4 /home/jeremy/Ac6/SystemWorkbench/plugins/fr.ac6.mcu.externaltools.arm-none.linux64_1.16.0.201807130628/tools/compiler/bin/../lib/gcc/arm-none-eabi/7.2.1/../../../../arm-none-eabi/lib/thumb/v7-m/libc_nano.a(lib_a-nano-mallocr.o)
                0x00000000200002a8                __malloc_free_list
 .bss.__malloc_sbrk_start
                0x00000000200002ac        0x4 /home/jeremy/Ac6/SystemWorkbench/plugins/fr.ac6.mcu.externaltools.arm-none.linux64_1.16.0.201807130628/tools/compiler/bin/../lib/gcc/arm-none-eabi/7.2.1/../../../../arm-none-eabi/lib/thumb/v7-m/libc_nano.a(lib_a-nano-mallocr.o)
                0x00000000200002ac                __malloc_sbrk_start
 *(COMMON)
 COMMON         0x00000000200002b0        0x4 Drivers/STM32F1xx_HAL_Driver/Src/stm32f1xx_hal.o
                0x00000000200002b0                uwTick
 COMMON         0x00000000200002b4        0x4 /home/jeremy/Ac6/SystemWorkbench/plugins/fr.ac6.mcu.externaltools.arm-none.linux64_1.16.0.201807130628/tools/compiler/bin/../lib/gcc/arm-none-eabi/7.2.1/../../../../arm-none-eabi/lib/thumb/v7-m/libc_nano.a(lib_a-reent.o)
                0x00000000200002b4                errno
                0x00000000200002b8                . = ALIGN (0x4)
                0x00000000200002b8                _ebss = .
                0x00000000200002b8                __bss_end__ = _ebss

._user_heap_stack
                0x00000000200002b8      0x600 load address 0x0000000008002be4
                0x00000000200002b8                . = ALIGN (0x8)
                0x00000000200002b8                PROVIDE (end, .)
                [!provide]                        PROVIDE (_end, .)
                0x00000000200004b8                . = (. + _Min_Heap_Size)
 *fill*         0x00000000200002b8      0x200 
                0x00000000200008b8                . = (. + _Min_Stack_Size)
 *fill*         0x00000000200004b8      0x400 
                0x00000000200008b8                . = ALIGN (0x8)

/DISCARD/
 libc.a(*)
 libm.a(*)
 libgcc.a(*)

.ARM.attributes
                0x0000000000000000       0x29
 *(.ARM.attributes)
 .ARM.attributes
                0x0000000000000000       0x1d /home/jeremy/Ac6/SystemWorkbench/plugins/fr.ac6.mcu.externaltools.arm-none.linux64_1.16.0.201807130628/tools/compiler/bin/../lib/gcc/arm-none-eabi/7.2.1/thumb/v7-m/crti.o
 .ARM.attributes
                0x000000000000001d       0x2d /home/jeremy/Ac6/SystemWorkbench/plugins/fr.ac6.mcu.externaltools.arm-none.linux64_1.16.0.201807130628/tools/compiler/bin/../lib/gcc/arm-none-eabi/7.2.1/thumb/v7-m/crtbegin.o
 .ARM.attributes
                0x000000000000004a       0x2d /home/jeremy/Ac6/SystemWorkbench/plugins/fr.ac6.mcu.externaltools.arm-none.linux64_1.16.0.201807130628/tools/compiler/bin/../lib/gcc/arm-none-eabi/7.2.1/../../../../arm-none-eabi/lib/thumb/v7-m/librdimon_nano.a(rdimon-syscalls.o)
 .ARM.attributes
                0x0000000000000077       0x33 Drivers/STM32F1xx_HAL_Driver/Src/stm32f1xx_hal.o
 .ARM.attributes
                0x00000000000000aa       0x33 Drivers/STM32F1xx_HAL_Driver/Src/stm32f1xx_hal_cortex.o
 .ARM.attributes
                0x00000000000000dd       0x33 Drivers/STM32F1xx_HAL_Driver/Src/stm32f1xx_hal_dma.o
 .ARM.attributes
                0x0000000000000110       0x33 Drivers/STM32F1xx_HAL_Driver/Src/stm32f1xx_hal_gpio.o
 .ARM.attributes
                0x0000000000000143       0x33 Drivers/STM32F1xx_HAL_Driver/Src/stm32f1xx_hal_rcc.o
 .ARM.attributes
                0x0000000000000176       0x33 Drivers/STM32F1xx_HAL_Driver/Src/stm32f1xx_hal_tim.o
 .ARM.attributes
                0x00000000000001a9       0x33 Drivers/STM32F1xx_HAL_Driver/Src/stm32f1xx_hal_tim_ex.o
 .ARM.attributes
                0x00000000000001dc       0x33 Src/main.o
 .ARM.attributes
                0x000000000000020f       0x33 Src/stm32f1xx_hal_msp.o
 .ARM.attributes
                0x0000000000000242       0x33 Src/stm32f1xx_it.o
 .ARM.attributes
                0x0000000000000275       0x33 Src/system_stm32f1xx.o
 .ARM.attributes
                0x00000000000002a8       0x33 Src/ws2812.o
 .ARM.attributes
                0x00000000000002db       0x21 startup/startup_stm32f103xe.o
 .ARM.attributes
                0x00000000000002fc       0x2d /home/jeremy/Ac6/SystemWorkbench/plugins/fr.ac6.mcu.externaltools.arm-none.linux64_1.16.0.201807130628/tools/compiler/bin/../lib/gcc/arm-none-eabi/7.2.1/../../../../arm-none-eabi/lib/thumb/v7-m/libc_nano.a(lib_a-errno.o)
 .ARM.attributes
                0x0000000000000329       0x2d /home/jeremy/Ac6/SystemWorkbench/plugins/fr.ac6.mcu.externaltools.arm-none.linux64_1.16.0.201807130628/tools/compiler/bin/../lib/gcc/arm-none-eabi/7.2.1/../../../../arm-none-eabi/lib/thumb/v7-m/libc_nano.a(lib_a-findfp.o)
 .ARM.attributes
                0x0000000000000356       0x2d /home/jeremy/Ac6/SystemWorkbench/plugins/fr.ac6.mcu.externaltools.arm-none.linux64_1.16.0.201807130628/tools/compiler/bin/../lib/gcc/arm-none-eabi/7.2.1/../../../../arm-none-eabi/lib/thumb/v7-m/libc_nano.a(lib_a-fwalk.o)
 .ARM.attributes
                0x0000000000000383       0x2d /home/jeremy/Ac6/SystemWorkbench/plugins/fr.ac6.mcu.externaltools.arm-none.linux64_1.16.0.201807130628/tools/compiler/bin/../lib/gcc/arm-none-eabi/7.2.1/../../../../arm-none-eabi/lib/thumb/v7-m/libc_nano.a(lib_a-impure.o)
 .ARM.attributes
                0x00000000000003b0       0x2d /home/jeremy/Ac6/SystemWorkbench/plugins/fr.ac6.mcu.externaltools.arm-none.linux64_1.16.0.201807130628/tools/compiler/bin/../lib/gcc/arm-none-eabi/7.2.1/../../../../arm-none-eabi/lib/thumb/v7-m/libc_nano.a(lib_a-init.o)
 .ARM.attributes
                0x00000000000003dd       0x2d /home/jeremy/Ac6/SystemWorkbench/plugins/fr.ac6.mcu.externaltools.arm-none.linux64_1.16.0.201807130628/tools/compiler/bin/../lib/gcc/arm-none-eabi/7.2.1/../../../../arm-none-eabi/lib/thumb/v7-m/libc_nano.a(lib_a-memset.o)
 .ARM.attributes
                0x000000000000040a       0x2d /home/jeremy/Ac6/SystemWorkbench/plugins/fr.ac6.mcu.externaltools.arm-none.linux64_1.16.0.201807130628/tools/compiler/bin/../lib/gcc/arm-none-eabi/7.2.1/../../../../arm-none-eabi/lib/thumb/v7-m/libc_nano.a(lib_a-nano-mallocr.o)
 .ARM.attributes
                0x0000000000000437       0x2d /home/jeremy/Ac6/SystemWorkbench/plugins/fr.ac6.mcu.externaltools.arm-none.linux64_1.16.0.201807130628/tools/compiler/bin/../lib/gcc/arm-none-eabi/7.2.1/../../../../arm-none-eabi/lib/thumb/v7-m/libc_nano.a(lib_a-puts.o)
 .ARM.attributes
                0x0000000000000464       0x2d /home/jeremy/Ac6/SystemWorkbench/plugins/fr.ac6.mcu.externaltools.arm-none.linux64_1.16.0.201807130628/tools/compiler/bin/../lib/gcc/arm-none-eabi/7.2.1/../../../../arm-none-eabi/lib/thumb/v7-m/libc_nano.a(lib_a-sbrkr.o)
 .ARM.attributes
                0x0000000000000491       0x2d /home/jeremy/Ac6/SystemWorkbench/plugins/fr.ac6.mcu.externaltools.arm-none.linux64_1.16.0.201807130628/tools/compiler/bin/../lib/gcc/arm-none-eabi/7.2.1/../../../../arm-none-eabi/lib/thumb/v7-m/libc_nano.a(lib_a-stdio.o)
 .ARM.attributes
                0x00000000000004be       0x17 /home/jeremy/Ac6/SystemWorkbench/plugins/fr.ac6.mcu.externaltools.arm-none.linux64_1.16.0.201807130628/tools/compiler/bin/../lib/gcc/arm-none-eabi/7.2.1/../../../../arm-none-eabi/lib/thumb/v7-m/libc_nano.a(lib_a-strlen.o)
 .ARM.attributes
                0x00000000000004d5       0x2d /home/jeremy/Ac6/SystemWorkbench/plugins/fr.ac6.mcu.externaltools.arm-none.linux64_1.16.0.201807130628/tools/compiler/bin/../lib/gcc/arm-none-eabi/7.2.1/../../../../arm-none-eabi/lib/thumb/v7-m/libc_nano.a(lib_a-wbuf.o)
 .ARM.attributes
                0x0000000000000502       0x2d /home/jeremy/Ac6/SystemWorkbench/plugins/fr.ac6.mcu.externaltools.arm-none.linux64_1.16.0.201807130628/tools/compiler/bin/../lib/gcc/arm-none-eabi/7.2.1/../../../../arm-none-eabi/lib/thumb/v7-m/libc_nano.a(lib_a-writer.o)
 .ARM.attributes
                0x000000000000052f       0x2d /home/jeremy/Ac6/SystemWorkbench/plugins/fr.ac6.mcu.externaltools.arm-none.linux64_1.16.0.201807130628/tools/compiler/bin/../lib/gcc/arm-none-eabi/7.2.1/../../../../arm-none-eabi/lib/thumb/v7-m/libc_nano.a(lib_a-wsetup.o)
 .ARM.attributes
                0x000000000000055c       0x2d /home/jeremy/Ac6/SystemWorkbench/plugins/fr.ac6.mcu.externaltools.arm-none.linux64_1.16.0.201807130628/tools/compiler/bin/../lib/gcc/arm-none-eabi/7.2.1/../../../../arm-none-eabi/lib/thumb/v7-m/libc_nano.a(lib_a-closer.o)
 .ARM.attributes
                0x0000000000000589       0x2d /home/jeremy/Ac6/SystemWorkbench/plugins/fr.ac6.mcu.externaltools.arm-none.linux64_1.16.0.201807130628/tools/compiler/bin/../lib/gcc/arm-none-eabi/7.2.1/../../../../arm-none-eabi/lib/thumb/v7-m/libc_nano.a(lib_a-fflush.o)
 .ARM.attributes
                0x00000000000005b6       0x2d /home/jeremy/Ac6/SystemWorkbench/plugins/fr.ac6.mcu.externaltools.arm-none.linux64_1.16.0.201807130628/tools/compiler/bin/../lib/gcc/arm-none-eabi/7.2.1/../../../../arm-none-eabi/lib/thumb/v7-m/libc_nano.a(lib_a-lseekr.o)
 .ARM.attributes
                0x00000000000005e3       0x2d /home/jeremy/Ac6/SystemWorkbench/plugins/fr.ac6.mcu.externaltools.arm-none.linux64_1.16.0.201807130628/tools/compiler/bin/../lib/gcc/arm-none-eabi/7.2.1/../../../../arm-none-eabi/lib/thumb/v7-m/libc_nano.a(lib_a-makebuf.o)
 .ARM.attributes
                0x0000000000000610       0x2d /home/jeremy/Ac6/SystemWorkbench/plugins/fr.ac6.mcu.externaltools.arm-none.linux64_1.16.0.201807130628/tools/compiler/bin/../lib/gcc/arm-none-eabi/7.2.1/../../../../arm-none-eabi/lib/thumb/v7-m/libc_nano.a(lib_a-mlock.o)
 .ARM.attributes
                0x000000000000063d       0x2d /home/jeremy/Ac6/SystemWorkbench/plugins/fr.ac6.mcu.externaltools.arm-none.linux64_1.16.0.201807130628/tools/compiler/bin/../lib/gcc/arm-none-eabi/7.2.1/../../../../arm-none-eabi/lib/thumb/v7-m/libc_nano.a(lib_a-nano-freer.o)
 .ARM.attributes
                0x000000000000066a       0x2d /home/jeremy/Ac6/SystemWorkbench/plugins/fr.ac6.mcu.externaltools.arm-none.linux64_1.16.0.201807130628/tools/compiler/bin/../lib/gcc/arm-none-eabi/7.2.1/../../../../arm-none-eabi/lib/thumb/v7-m/libc_nano.a(lib_a-readr.o)
 .ARM.attributes
                0x0000000000000697       0x2d /home/jeremy/Ac6/SystemWorkbench/plugins/fr.ac6.mcu.externaltools.arm-none.linux64_1.16.0.201807130628/tools/compiler/bin/../lib/gcc/arm-none-eabi/7.2.1/../../../../arm-none-eabi/lib/thumb/v7-m/libc_nano.a(lib_a-reent.o)
 .ARM.attributes
                0x00000000000006c4       0x2d /home/jeremy/Ac6/SystemWorkbench/plugins/fr.ac6.mcu.externaltools.arm-none.linux64_1.16.0.201807130628/tools/compiler/bin/../lib/gcc/arm-none-eabi/7.2.1/../../../../arm-none-eabi/lib/thumb/v7-m/libc_nano.a(lib_a-fstatr.o)
 .ARM.attributes
                0x00000000000006f1       0x2d /home/jeremy/Ac6/SystemWorkbench/plugins/fr.ac6.mcu.externaltools.arm-none.linux64_1.16.0.201807130628/tools/compiler/bin/../lib/gcc/arm-none-eabi/7.2.1/../../../../arm-none-eabi/lib/thumb/v7-m/libc_nano.a(lib_a-isattyr.o)
 .ARM.attributes
                0x000000000000071e       0x1d /home/jeremy/Ac6/SystemWorkbench/plugins/fr.ac6.mcu.externaltools.arm-none.linux64_1.16.0.201807130628/tools/compiler/bin/../lib/gcc/arm-none-eabi/7.2.1/thumb/v7-m/crtn.o
OUTPUT(led.elf elf32-littlearm)

.debug_frame    0x0000000000000000     0x202c
 .debug_frame   0x0000000000000000      0x3ac /home/jeremy/Ac6/SystemWorkbench/plugins/fr.ac6.mcu.externaltools.arm-none.linux64_1.16.0.201807130628/tools/compiler/bin/../lib/gcc/arm-none-eabi/7.2.1/../../../../arm-none-eabi/lib/thumb/v7-m/librdimon_nano.a(rdimon-syscalls.o)
 .debug_frame   0x00000000000003ac      0x1ac Drivers/STM32F1xx_HAL_Driver/Src/stm32f1xx_hal.o
 .debug_frame   0x0000000000000558      0x12c Drivers/STM32F1xx_HAL_Driver/Src/stm32f1xx_hal_cortex.o
 .debug_frame   0x0000000000000684      0x144 Drivers/STM32F1xx_HAL_Driver/Src/stm32f1xx_hal_dma.o
 .debug_frame   0x00000000000007c8       0xd4 Drivers/STM32F1xx_HAL_Driver/Src/stm32f1xx_hal_gpio.o
 .debug_frame   0x000000000000089c      0x174 Drivers/STM32F1xx_HAL_Driver/Src/stm32f1xx_hal_rcc.o
 .debug_frame   0x0000000000000a10      0x9cc Drivers/STM32F1xx_HAL_Driver/Src/stm32f1xx_hal_tim.o
 .debug_frame   0x00000000000013dc      0x374 Drivers/STM32F1xx_HAL_Driver/Src/stm32f1xx_hal_tim_ex.o
 .debug_frame   0x0000000000001750       0xac Src/main.o
 .debug_frame   0x00000000000017fc       0x80 Src/stm32f1xx_hal_msp.o
 .debug_frame   0x000000000000187c       0xc0 Src/stm32f1xx_it.o
 .debug_frame   0x000000000000193c       0x30 Src/system_stm32f1xx.o
 .debug_frame   0x000000000000196c       0xd0 Src/ws2812.o
 .debug_frame   0x0000000000001a3c       0x20 /home/jeremy/Ac6/SystemWorkbench/plugins/fr.ac6.mcu.externaltools.arm-none.linux64_1.16.0.201807130628/tools/compiler/bin/../lib/gcc/arm-none-eabi/7.2.1/../../../../arm-none-eabi/lib/thumb/v7-m/libc_nano.a(lib_a-errno.o)
 .debug_frame   0x0000000000001a5c      0x11c /home/jeremy/Ac6/SystemWorkbench/plugins/fr.ac6.mcu.externaltools.arm-none.linux64_1.16.0.201807130628/tools/compiler/bin/../lib/gcc/arm-none-eabi/7.2.1/../../../../arm-none-eabi/lib/thumb/v7-m/libc_nano.a(lib_a-findfp.o)
 .debug_frame   0x0000000000001b78       0x54 /home/jeremy/Ac6/SystemWorkbench/plugins/fr.ac6.mcu.externaltools.arm-none.linux64_1.16.0.201807130628/tools/compiler/bin/../lib/gcc/arm-none-eabi/7.2.1/../../../../arm-none-eabi/lib/thumb/v7-m/libc_nano.a(lib_a-fwalk.o)
 .debug_frame   0x0000000000001bcc       0x2c /home/jeremy/Ac6/SystemWorkbench/plugins/fr.ac6.mcu.externaltools.arm-none.linux64_1.16.0.201807130628/tools/compiler/bin/../lib/gcc/arm-none-eabi/7.2.1/../../../../arm-none-eabi/lib/thumb/v7-m/libc_nano.a(lib_a-init.o)
 .debug_frame   0x0000000000001bf8       0x20 /home/jeremy/Ac6/SystemWorkbench/plugins/fr.ac6.mcu.externaltools.arm-none.linux64_1.16.0.201807130628/tools/compiler/bin/../lib/gcc/arm-none-eabi/7.2.1/../../../../arm-none-eabi/lib/thumb/v7-m/libc_nano.a(lib_a-memset.o)
 .debug_frame   0x0000000000001c18       0x2c /home/jeremy/Ac6/SystemWorkbench/plugins/fr.ac6.mcu.externaltools.arm-none.linux64_1.16.0.201807130628/tools/compiler/bin/../lib/gcc/arm-none-eabi/7.2.1/../../../../arm-none-eabi/lib/thumb/v7-m/libc_nano.a(lib_a-nano-mallocr.o)
 .debug_frame   0x0000000000001c44       0x3c /home/jeremy/Ac6/SystemWorkbench/plugins/fr.ac6.mcu.externaltools.arm-none.linux64_1.16.0.201807130628/tools/compiler/bin/../lib/gcc/arm-none-eabi/7.2.1/../../../../arm-none-eabi/lib/thumb/v7-m/libc_nano.a(lib_a-puts.o)
 .debug_frame   0x0000000000001c80       0x2c /home/jeremy/Ac6/SystemWorkbench/plugins/fr.ac6.mcu.externaltools.arm-none.linux64_1.16.0.201807130628/tools/compiler/bin/../lib/gcc/arm-none-eabi/7.2.1/../../../../arm-none-eabi/lib/thumb/v7-m/libc_nano.a(lib_a-sbrkr.o)
 .debug_frame   0x0000000000001cac       0x88 /home/jeremy/Ac6/SystemWorkbench/plugins/fr.ac6.mcu.externaltools.arm-none.linux64_1.16.0.201807130628/tools/compiler/bin/../lib/gcc/arm-none-eabi/7.2.1/../../../../arm-none-eabi/lib/thumb/v7-m/libc_nano.a(lib_a-stdio.o)
 .debug_frame   0x0000000000001d34       0x40 /home/jeremy/Ac6/SystemWorkbench/plugins/fr.ac6.mcu.externaltools.arm-none.linux64_1.16.0.201807130628/tools/compiler/bin/../lib/gcc/arm-none-eabi/7.2.1/../../../../arm-none-eabi/lib/thumb/v7-m/libc_nano.a(lib_a-wbuf.o)
 .debug_frame   0x0000000000001d74       0x2c /home/jeremy/Ac6/SystemWorkbench/plugins/fr.ac6.mcu.externaltools.arm-none.linux64_1.16.0.201807130628/tools/compiler/bin/../lib/gcc/arm-none-eabi/7.2.1/../../../../arm-none-eabi/lib/thumb/v7-m/libc_nano.a(lib_a-writer.o)
 .debug_frame   0x0000000000001da0       0x2c /home/jeremy/Ac6/SystemWorkbench/plugins/fr.ac6.mcu.externaltools.arm-none.linux64_1.16.0.201807130628/tools/compiler/bin/../lib/gcc/arm-none-eabi/7.2.1/../../../../arm-none-eabi/lib/thumb/v7-m/libc_nano.a(lib_a-wsetup.o)
 .debug_frame   0x0000000000001dcc       0x2c /home/jeremy/Ac6/SystemWorkbench/plugins/fr.ac6.mcu.externaltools.arm-none.linux64_1.16.0.201807130628/tools/compiler/bin/../lib/gcc/arm-none-eabi/7.2.1/../../../../arm-none-eabi/lib/thumb/v7-m/libc_nano.a(lib_a-closer.o)
 .debug_frame   0x0000000000001df8       0x68 /home/jeremy/Ac6/SystemWorkbench/plugins/fr.ac6.mcu.externaltools.arm-none.linux64_1.16.0.201807130628/tools/compiler/bin/../lib/gcc/arm-none-eabi/7.2.1/../../../../arm-none-eabi/lib/thumb/v7-m/libc_nano.a(lib_a-fflush.o)
 .debug_frame   0x0000000000001e60       0x2c /home/jeremy/Ac6/SystemWorkbench/plugins/fr.ac6.mcu.externaltools.arm-none.linux64_1.16.0.201807130628/tools/compiler/bin/../lib/gcc/arm-none-eabi/7.2.1/../../../../arm-none-eabi/lib/thumb/v7-m/libc_nano.a(lib_a-lseekr.o)
 .debug_frame   0x0000000000001e8c       0x58 /home/jeremy/Ac6/SystemWorkbench/plugins/fr.ac6.mcu.externaltools.arm-none.linux64_1.16.0.201807130628/tools/compiler/bin/../lib/gcc/arm-none-eabi/7.2.1/../../../../arm-none-eabi/lib/thumb/v7-m/libc_nano.a(lib_a-makebuf.o)
 .debug_frame   0x0000000000001ee4       0x30 /home/jeremy/Ac6/SystemWorkbench/plugins/fr.ac6.mcu.externaltools.arm-none.linux64_1.16.0.201807130628/tools/compiler/bin/../lib/gcc/arm-none-eabi/7.2.1/../../../../arm-none-eabi/lib/thumb/v7-m/libc_nano.a(lib_a-mlock.o)
 .debug_frame   0x0000000000001f14       0x38 /home/jeremy/Ac6/SystemWorkbench/plugins/fr.ac6.mcu.externaltools.arm-none.linux64_1.16.0.201807130628/tools/compiler/bin/../lib/gcc/arm-none-eabi/7.2.1/../../../../arm-none-eabi/lib/thumb/v7-m/libc_nano.a(lib_a-nano-freer.o)
 .debug_frame   0x0000000000001f4c       0x2c /home/jeremy/Ac6/SystemWorkbench/plugins/fr.ac6.mcu.externaltools.arm-none.linux64_1.16.0.201807130628/tools/compiler/bin/../lib/gcc/arm-none-eabi/7.2.1/../../../../arm-none-eabi/lib/thumb/v7-m/libc_nano.a(lib_a-readr.o)
 .debug_frame   0x0000000000001f78       0x5c /home/jeremy/Ac6/SystemWorkbench/plugins/fr.ac6.mcu.externaltools.arm-none.linux64_1.16.0.201807130628/tools/compiler/bin/../lib/gcc/arm-none-eabi/7.2.1/../../../../arm-none-eabi/lib/thumb/v7-m/libc_nano.a(lib_a-reent.o)
 .debug_frame   0x0000000000001fd4       0x2c /home/jeremy/Ac6/SystemWorkbench/plugins/fr.ac6.mcu.externaltools.arm-none.linux64_1.16.0.201807130628/tools/compiler/bin/../lib/gcc/arm-none-eabi/7.2.1/../../../../arm-none-eabi/lib/thumb/v7-m/libc_nano.a(lib_a-fstatr.o)
 .debug_frame   0x0000000000002000       0x2c /home/jeremy/Ac6/SystemWorkbench/plugins/fr.ac6.mcu.externaltools.arm-none.linux64_1.16.0.201807130628/tools/compiler/bin/../lib/gcc/arm-none-eabi/7.2.1/../../../../arm-none-eabi/lib/thumb/v7-m/libc_nano.a(lib_a-isattyr.o)

.debug_info     0x0000000000000000     0xfce3
 .debug_info    0x0000000000000000     0x100c Drivers/STM32F1xx_HAL_Driver/Src/stm32f1xx_hal.o
 .debug_info    0x000000000000100c     0x14db Drivers/STM32F1xx_HAL_Driver/Src/stm32f1xx_hal_cortex.o
 .debug_info    0x00000000000024e7     0x1014 Drivers/STM32F1xx_HAL_Driver/Src/stm32f1xx_hal_dma.o
 .debug_info    0x00000000000034fb      0xe87 Drivers/STM32F1xx_HAL_Driver/Src/stm32f1xx_hal_gpio.o
 .debug_info    0x0000000000004382     0x11ef Drivers/STM32F1xx_HAL_Driver/Src/stm32f1xx_hal_rcc.o
 .debug_info    0x0000000000005571     0x3660 Drivers/STM32F1xx_HAL_Driver/Src/stm32f1xx_hal_tim.o
 .debug_info    0x0000000000008bd1     0x1aa8 Drivers/STM32F1xx_HAL_Driver/Src/stm32f1xx_hal_tim_ex.o
 .debug_info    0x000000000000a679     0x17d2 Src/main.o
 .debug_info    0x000000000000be4b     0x1446 Src/stm32f1xx_hal_msp.o
 .debug_info    0x000000000000d291      0xc5f Src/stm32f1xx_it.o
 .debug_info    0x000000000000def0      0xcbc Src/system_stm32f1xx.o
 .debug_info    0x000000000000ebac     0x1115 Src/ws2812.o
 .debug_info    0x000000000000fcc1       0x22 startup/startup_stm32f103xe.o

.debug_abbrev   0x0000000000000000     0x222c
 .debug_abbrev  0x0000000000000000      0x2f4 Drivers/STM32F1xx_HAL_Driver/Src/stm32f1xx_hal.o
 .debug_abbrev  0x00000000000002f4      0x3cd Drivers/STM32F1xx_HAL_Driver/Src/stm32f1xx_hal_cortex.o
 .debug_abbrev  0x00000000000006c1      0x2e5 Drivers/STM32F1xx_HAL_Driver/Src/stm32f1xx_hal_dma.o
 .debug_abbrev  0x00000000000009a6      0x2a7 Drivers/STM32F1xx_HAL_Driver/Src/stm32f1xx_hal_gpio.o
 .debug_abbrev  0x0000000000000c4d      0x335 Drivers/STM32F1xx_HAL_Driver/Src/stm32f1xx_hal_rcc.o
 .debug_abbrev  0x0000000000000f82      0x2ef Drivers/STM32F1xx_HAL_Driver/Src/stm32f1xx_hal_tim.o
 .debug_abbrev  0x0000000000001271      0x2e0 Drivers/STM32F1xx_HAL_Driver/Src/stm32f1xx_hal_tim_ex.o
 .debug_abbrev  0x0000000000001551      0x338 Src/main.o
 .debug_abbrev  0x0000000000001889      0x29e Src/stm32f1xx_hal_msp.o
 .debug_abbrev  0x0000000000001b27      0x220 Src/stm32f1xx_it.o
 .debug_abbrev  0x0000000000001d47      0x238 Src/system_stm32f1xx.o
 .debug_abbrev  0x0000000000001f7f      0x29b Src/ws2812.o
 .debug_abbrev  0x000000000000221a       0x12 startup/startup_stm32f103xe.o

.debug_loc      0x0000000000000000     0x60e0
 .debug_loc     0x0000000000000000       0xfd Drivers/STM32F1xx_HAL_Driver/Src/stm32f1xx_hal.o
 .debug_loc     0x00000000000000fd      0x5ad Drivers/STM32F1xx_HAL_Driver/Src/stm32f1xx_hal_cortex.o
 .debug_loc     0x00000000000006aa      0x7a7 Drivers/STM32F1xx_HAL_Driver/Src/stm32f1xx_hal_dma.o
 .debug_loc     0x0000000000000e51      0x443 Drivers/STM32F1xx_HAL_Driver/Src/stm32f1xx_hal_gpio.o
 .debug_loc     0x0000000000001294      0x4f6 Drivers/STM32F1xx_HAL_Driver/Src/stm32f1xx_hal_rcc.o
 .debug_loc     0x000000000000178a     0x3612 Drivers/STM32F1xx_HAL_Driver/Src/stm32f1xx_hal_tim.o
 .debug_loc     0x0000000000004d9c      0xf9e Drivers/STM32F1xx_HAL_Driver/Src/stm32f1xx_hal_tim_ex.o
 .debug_loc     0x0000000000005d3a       0x6b Src/stm32f1xx_hal_msp.o
 .debug_loc     0x0000000000005da5       0xdf Src/system_stm32f1xx.o
 .debug_loc     0x0000000000005e84      0x25c Src/ws2812.o

.debug_aranges  0x0000000000000000      0x8f8
 .debug_aranges
                0x0000000000000000       0xd0 Drivers/STM32F1xx_HAL_Driver/Src/stm32f1xx_hal.o
 .debug_aranges
                0x00000000000000d0       0x90 Drivers/STM32F1xx_HAL_Driver/Src/stm32f1xx_hal_cortex.o
 .debug_aranges
                0x0000000000000160       0x80 Drivers/STM32F1xx_HAL_Driver/Src/stm32f1xx_hal_dma.o
 .debug_aranges
                0x00000000000001e0       0x58 Drivers/STM32F1xx_HAL_Driver/Src/stm32f1xx_hal_gpio.o
 .debug_aranges
                0x0000000000000238       0x90 Drivers/STM32F1xx_HAL_Driver/Src/stm32f1xx_hal_rcc.o
 .debug_aranges
                0x00000000000002c8      0x368 Drivers/STM32F1xx_HAL_Driver/Src/stm32f1xx_hal_tim.o
 .debug_aranges
                0x0000000000000630      0x138 Drivers/STM32F1xx_HAL_Driver/Src/stm32f1xx_hal_tim_ex.o
 .debug_aranges
                0x0000000000000768       0x48 Src/main.o
 .debug_aranges
                0x00000000000007b0       0x38 Src/stm32f1xx_hal_msp.o
 .debug_aranges
                0x00000000000007e8       0x68 Src/stm32f1xx_it.o
 .debug_aranges
                0x0000000000000850       0x28 Src/system_stm32f1xx.o
 .debug_aranges
                0x0000000000000878       0x58 Src/ws2812.o
 .debug_aranges
                0x00000000000008d0       0x28 startup/startup_stm32f103xe.o

.debug_ranges   0x0000000000000000      0x8b0
 .debug_ranges  0x0000000000000000       0xc0 Drivers/STM32F1xx_HAL_Driver/Src/stm32f1xx_hal.o
 .debug_ranges  0x00000000000000c0       0xe0 Drivers/STM32F1xx_HAL_Driver/Src/stm32f1xx_hal_cortex.o
 .debug_ranges  0x00000000000001a0       0x70 Drivers/STM32F1xx_HAL_Driver/Src/stm32f1xx_hal_dma.o
 .debug_ranges  0x0000000000000210       0x48 Drivers/STM32F1xx_HAL_Driver/Src/stm32f1xx_hal_gpio.o
 .debug_ranges  0x0000000000000258       0xa0 Drivers/STM32F1xx_HAL_Driver/Src/stm32f1xx_hal_rcc.o
 .debug_ranges  0x00000000000002f8      0x358 Drivers/STM32F1xx_HAL_Driver/Src/stm32f1xx_hal_tim.o
 .debug_ranges  0x0000000000000650      0x128 Drivers/STM32F1xx_HAL_Driver/Src/stm32f1xx_hal_tim_ex.o
 .debug_ranges  0x0000000000000778       0x38 Src/main.o
 .debug_ranges  0x00000000000007b0       0x28 Src/stm32f1xx_hal_msp.o
 .debug_ranges  0x00000000000007d8       0x58 Src/stm32f1xx_it.o
 .debug_ranges  0x0000000000000830       0x18 Src/system_stm32f1xx.o
 .debug_ranges  0x0000000000000848       0x48 Src/ws2812.o
 .debug_ranges  0x0000000000000890       0x20 startup/startup_stm32f103xe.o

.debug_macro    0x0000000000000000    0x17e64
 .debug_macro   0x0000000000000000      0x327 Drivers/STM32F1xx_HAL_Driver/Src/stm32f1xx_hal.o
 .debug_macro   0x0000000000000327      0xa60 Drivers/STM32F1xx_HAL_Driver/Src/stm32f1xx_hal.o
 .debug_macro   0x0000000000000d87       0x22 Drivers/STM32F1xx_HAL_Driver/Src/stm32f1xx_hal.o
 .debug_macro   0x0000000000000da9       0x87 Drivers/STM32F1xx_HAL_Driver/Src/stm32f1xx_hal.o
 .debug_macro   0x0000000000000e30       0x51 Drivers/STM32F1xx_HAL_Driver/Src/stm32f1xx_hal.o
 .debug_macro   0x0000000000000e81       0xef Drivers/STM32F1xx_HAL_Driver/Src/stm32f1xx_hal.o
 .debug_macro   0x0000000000000f70       0x6a Drivers/STM32F1xx_HAL_Driver/Src/stm32f1xx_hal.o
 .debug_macro   0x0000000000000fda      0x1df Drivers/STM32F1xx_HAL_Driver/Src/stm32f1xx_hal.o
 .debug_macro   0x00000000000011b9       0x3a Drivers/STM32F1xx_HAL_Driver/Src/stm32f1xx_hal.o
 .debug_macro   0x00000000000011f3      0x169 Drivers/STM32F1xx_HAL_Driver/Src/stm32f1xx_hal.o
 .debug_macro   0x000000000000135c       0x2e Drivers/STM32F1xx_HAL_Driver/Src/stm32f1xx_hal.o
 .debug_macro   0x000000000000138a       0x22 Drivers/STM32F1xx_HAL_Driver/Src/stm32f1xx_hal.o
 .debug_macro   0x00000000000013ac       0x3a Drivers/STM32F1xx_HAL_Driver/Src/stm32f1xx_hal.o
 .debug_macro   0x00000000000013e6       0x34 Drivers/STM32F1xx_HAL_Driver/Src/stm32f1xx_hal.o
 .debug_macro   0x000000000000141a      0xb8e Drivers/STM32F1xx_HAL_Driver/Src/stm32f1xx_hal.o
 .debug_macro   0x0000000000001fa8     0xfd7e Drivers/STM32F1xx_HAL_Driver/Src/stm32f1xx_hal.o
 .debug_macro   0x0000000000011d26       0x43 Drivers/STM32F1xx_HAL_Driver/Src/stm32f1xx_hal.o
 .debug_macro   0x0000000000011d69       0x58 Drivers/STM32F1xx_HAL_Driver/Src/stm32f1xx_hal.o
 .debug_macro   0x0000000000011dc1       0x17 Drivers/STM32F1xx_HAL_Driver/Src/stm32f1xx_hal.o
 .debug_macro   0x0000000000011dd8       0x35 Drivers/STM32F1xx_HAL_Driver/Src/stm32f1xx_hal.o
 .debug_macro   0x0000000000011e0d       0x9c Drivers/STM32F1xx_HAL_Driver/Src/stm32f1xx_hal.o
 .debug_macro   0x0000000000011ea9       0x16 Drivers/STM32F1xx_HAL_Driver/Src/stm32f1xx_hal.o
 .debug_macro   0x0000000000011ebf       0x97 Drivers/STM32F1xx_HAL_Driver/Src/stm32f1xx_hal.o
 .debug_macro   0x0000000000011f56      0x330 Drivers/STM32F1xx_HAL_Driver/Src/stm32f1xx_hal.o
 .debug_macro   0x0000000000012286       0xfd Drivers/STM32F1xx_HAL_Driver/Src/stm32f1xx_hal.o
 .debug_macro   0x0000000000012383       0x10 Drivers/STM32F1xx_HAL_Driver/Src/stm32f1xx_hal.o
 .debug_macro   0x0000000000012393       0x58 Drivers/STM32F1xx_HAL_Driver/Src/stm32f1xx_hal.o
 .debug_macro   0x00000000000123eb       0x1f Drivers/STM32F1xx_HAL_Driver/Src/stm32f1xx_hal.o
 .debug_macro   0x000000000001240a       0x43 Drivers/STM32F1xx_HAL_Driver/Src/stm32f1xx_hal.o
 .debug_macro   0x000000000001244d       0x20 Drivers/STM32F1xx_HAL_Driver/Src/stm32f1xx_hal.o
 .debug_macro   0x000000000001246d      0x18e Drivers/STM32F1xx_HAL_Driver/Src/stm32f1xx_hal.o
 .debug_macro   0x00000000000125fb       0x10 Drivers/STM32F1xx_HAL_Driver/Src/stm32f1xx_hal.o
 .debug_macro   0x000000000001260b       0x1c Drivers/STM32F1xx_HAL_Driver/Src/stm32f1xx_hal.o
 .debug_macro   0x0000000000012627       0x52 Drivers/STM32F1xx_HAL_Driver/Src/stm32f1xx_hal.o
 .debug_macro   0x0000000000012679       0x40 Drivers/STM32F1xx_HAL_Driver/Src/stm32f1xx_hal.o
 .debug_macro   0x00000000000126b9       0x10 Drivers/STM32F1xx_HAL_Driver/Src/stm32f1xx_hal.o
 .debug_macro   0x00000000000126c9       0x40 Drivers/STM32F1xx_HAL_Driver/Src/stm32f1xx_hal.o
 .debug_macro   0x0000000000012709       0xd7 Drivers/STM32F1xx_HAL_Driver/Src/stm32f1xx_hal.o
 .debug_macro   0x00000000000127e0       0x1c Drivers/STM32F1xx_HAL_Driver/Src/stm32f1xx_hal.o
 .debug_macro   0x00000000000127fc       0x3d Drivers/STM32F1xx_HAL_Driver/Src/stm32f1xx_hal.o
 .debug_macro   0x0000000000012839       0x16 Drivers/STM32F1xx_HAL_Driver/Src/stm32f1xx_hal.o
 .debug_macro   0x000000000001284f      0x16f Drivers/STM32F1xx_HAL_Driver/Src/stm32f1xx_hal.o
 .debug_macro   0x00000000000129be       0x50 Drivers/STM32F1xx_HAL_Driver/Src/stm32f1xx_hal.o
 .debug_macro   0x0000000000012a0e      0x5c2 Drivers/STM32F1xx_HAL_Driver/Src/stm32f1xx_hal.o
 .debug_macro   0x0000000000012fd0      0x4d6 Drivers/STM32F1xx_HAL_Driver/Src/stm32f1xx_hal.o
 .debug_macro   0x00000000000134a6      0x1cb Drivers/STM32F1xx_HAL_Driver/Src/stm32f1xx_hal.o
 .debug_macro   0x0000000000013671      0x11e Drivers/STM32F1xx_HAL_Driver/Src/stm32f1xx_hal.o
 .debug_macro   0x000000000001378f      0x1eb Drivers/STM32F1xx_HAL_Driver/Src/stm32f1xx_hal.o
 .debug_macro   0x000000000001397a       0x27 Drivers/STM32F1xx_HAL_Driver/Src/stm32f1xx_hal.o
 .debug_macro   0x00000000000139a1      0x1bc Drivers/STM32F1xx_HAL_Driver/Src/stm32f1xx_hal.o
 .debug_macro   0x0000000000013b5d       0x31 Drivers/STM32F1xx_HAL_Driver/Src/stm32f1xx_hal.o
 .debug_macro   0x0000000000013b8e       0x3c Drivers/STM32F1xx_HAL_Driver/Src/stm32f1xx_hal.o
 .debug_macro   0x0000000000013bca       0x57 Drivers/STM32F1xx_HAL_Driver/Src/stm32f1xx_hal.o
 .debug_macro   0x0000000000013c21       0x8c Drivers/STM32F1xx_HAL_Driver/Src/stm32f1xx_hal.o
 .debug_macro   0x0000000000013cad      0x250 Drivers/STM32F1xx_HAL_Driver/Src/stm32f1xx_hal.o
 .debug_macro   0x0000000000013efd      0x143 Drivers/STM32F1xx_HAL_Driver/Src/stm32f1xx_hal.o
 .debug_macro   0x0000000000014040      0x84c Drivers/STM32F1xx_HAL_Driver/Src/stm32f1xx_hal.o
 .debug_macro   0x000000000001488c       0x1f Drivers/STM32F1xx_HAL_Driver/Src/stm32f1xx_hal.o
 .debug_macro   0x00000000000148ab       0xb9 Drivers/STM32F1xx_HAL_Driver/Src/stm32f1xx_hal.o
 .debug_macro   0x0000000000014964      0x303 Drivers/STM32F1xx_HAL_Driver/Src/stm32f1xx_hal_cortex.o
 .debug_macro   0x0000000000014c67      0x303 Drivers/STM32F1xx_HAL_Driver/Src/stm32f1xx_hal_dma.o
 .debug_macro   0x0000000000014f6a      0x373 Drivers/STM32F1xx_HAL_Driver/Src/stm32f1xx_hal_gpio.o
 .debug_macro   0x00000000000152dd      0x315 Drivers/STM32F1xx_HAL_Driver/Src/stm32f1xx_hal_rcc.o
 .debug_macro   0x00000000000155f2      0x303 Drivers/STM32F1xx_HAL_Driver/Src/stm32f1xx_hal_tim.o
 .debug_macro   0x00000000000158f5      0x303 Drivers/STM32F1xx_HAL_Driver/Src/stm32f1xx_hal_tim_ex.o
 .debug_macro   0x0000000000015bf8      0x316 Src/main.o
 .debug_macro   0x0000000000015f0e       0x1c Src/main.o
 .debug_macro   0x0000000000015f2a      0xb8e Src/main.o
 .debug_macro   0x0000000000016ab8       0x9c Src/main.o
 .debug_macro   0x0000000000016b54       0x97 Src/main.o
 .debug_macro   0x0000000000016beb      0x353 Src/main.o
 .debug_macro   0x0000000000016f3e      0x104 Src/main.o
 .debug_macro   0x0000000000017042       0x43 Src/main.o
 .debug_macro   0x0000000000017085      0x137 Src/main.o
 .debug_macro   0x00000000000171bc      0x308 Src/stm32f1xx_hal_msp.o
 .debug_macro   0x00000000000174c4      0x312 Src/stm32f1xx_it.o
 .debug_macro   0x00000000000177d6      0x30e Src/system_stm32f1xx.o
 .debug_macro   0x0000000000017ae4       0x34 Src/system_stm32f1xx.o
 .debug_macro   0x0000000000017b18       0x40 Src/system_stm32f1xx.o
 .debug_macro   0x0000000000017b58      0x30c Src/ws2812.o

.debug_line     0x0000000000000000     0x7d9a
 .debug_line    0x0000000000000000      0x8e2 Drivers/STM32F1xx_HAL_Driver/Src/stm32f1xx_hal.o
 .debug_line    0x00000000000008e2      0x8fa Drivers/STM32F1xx_HAL_Driver/Src/stm32f1xx_hal_cortex.o
 .debug_line    0x00000000000011dc      0xd1a Drivers/STM32F1xx_HAL_Driver/Src/stm32f1xx_hal_dma.o
 .debug_line    0x0000000000001ef6      0x8f3 Drivers/STM32F1xx_HAL_Driver/Src/stm32f1xx_hal_gpio.o
 .debug_line    0x00000000000027e9      0x9fc Drivers/STM32F1xx_HAL_Driver/Src/stm32f1xx_hal_rcc.o
 .debug_line    0x00000000000031e5     0x1793 Drivers/STM32F1xx_HAL_Driver/Src/stm32f1xx_hal_tim.o
 .debug_line    0x0000000000004978      0xcb1 Drivers/STM32F1xx_HAL_Driver/Src/stm32f1xx_hal_tim_ex.o
 .debug_line    0x0000000000005629      0x7bc Src/main.o
 .debug_line    0x0000000000005de5      0x77d Src/stm32f1xx_hal_msp.o
 .debug_line    0x0000000000006562      0x7c6 Src/stm32f1xx_it.o
 .debug_line    0x0000000000006d28      0x761 Src/system_stm32f1xx.o
 .debug_line    0x0000000000007489      0x894 Src/ws2812.o
 .debug_line    0x0000000000007d1d       0x7d startup/startup_stm32f103xe.o

.debug_str      0x0000000000000000    0x7afee
 .debug_str     0x0000000000000000    0x78282 Drivers/STM32F1xx_HAL_Driver/Src/stm32f1xx_hal.o
                                      0x78758 (size before relaxing)
 .debug_str     0x0000000000078282      0x2ce Drivers/STM32F1xx_HAL_Driver/Src/stm32f1xx_hal_cortex.o
                                      0x786ad (size before relaxing)
 .debug_str     0x0000000000078550      0x3a3 Drivers/STM32F1xx_HAL_Driver/Src/stm32f1xx_hal_dma.o
                                      0x7832d (size before relaxing)
 .debug_str     0x00000000000788f3      0x380 Drivers/STM32F1xx_HAL_Driver/Src/stm32f1xx_hal_gpio.o
                                      0x78310 (size before relaxing)
 .debug_str     0x0000000000078c73      0x324 Drivers/STM32F1xx_HAL_Driver/Src/stm32f1xx_hal_rcc.o
                                      0x78365 (size before relaxing)
 .debug_str     0x0000000000078f97      0xe8b Drivers/STM32F1xx_HAL_Driver/Src/stm32f1xx_hal_tim.o
                                      0x79065 (size before relaxing)
 .debug_str     0x0000000000079e22      0x4d9 Drivers/STM32F1xx_HAL_Driver/Src/stm32f1xx_hal_tim_ex.o
                                      0x78907 (size before relaxing)
 .debug_str     0x000000000007a2fb      0xa0f Src/main.o
                                      0x7914d (size before relaxing)
 .debug_str     0x000000000007ad0a       0x68 Src/stm32f1xx_hal_msp.o
                                      0x78d27 (size before relaxing)
 .debug_str     0x000000000007ad72       0xd3 Src/stm32f1xx_it.o
                                      0x785ba (size before relaxing)
 .debug_str     0x000000000007ae45       0x75 Src/system_stm32f1xx.o
                                      0x7847a (size before relaxing)
 .debug_str     0x000000000007aeba      0x104 Src/ws2812.o
                                      0x7894e (size before relaxing)
 .debug_str     0x000000000007afbe       0x30 startup/startup_stm32f103xe.o
                                         0x59 (size before relaxing)

.comment        0x0000000000000000       0x7e
 .comment       0x0000000000000000       0x7e Drivers/STM32F1xx_HAL_Driver/Src/stm32f1xx_hal.o
                                         0x7f (size before relaxing)
 .comment       0x000000000000007e       0x7f Drivers/STM32F1xx_HAL_Driver/Src/stm32f1xx_hal_cortex.o
 .comment       0x000000000000007e       0x7f Drivers/STM32F1xx_HAL_Driver/Src/stm32f1xx_hal_dma.o
 .comment       0x000000000000007e       0x7f Drivers/STM32F1xx_HAL_Driver/Src/stm32f1xx_hal_gpio.o
 .comment       0x000000000000007e       0x7f Drivers/STM32F1xx_HAL_Driver/Src/stm32f1xx_hal_rcc.o
 .comment       0x000000000000007e       0x7f Drivers/STM32F1xx_HAL_Driver/Src/stm32f1xx_hal_tim.o
 .comment       0x000000000000007e       0x7f Drivers/STM32F1xx_HAL_Driver/Src/stm32f1xx_hal_tim_ex.o
 .comment       0x000000000000007e       0x7f Src/main.o
 .comment       0x000000000000007e       0x7f Src/stm32f1xx_hal_msp.o
 .comment       0x000000000000007e       0x7f Src/stm32f1xx_it.o
 .comment       0x000000000000007e       0x7f Src/system_stm32f1xx.o
 .comment       0x000000000000007e       0x7f Src/ws2812.o
