Archive member included to satisfy reference by file (symbol)

/home/jeremy/Ac6/SystemWorkbench/plugins/fr.ac6.mcu.externaltools.arm-none.linux64_1.16.0.201807130628/tools/compiler/bin/../lib/gcc/arm-none-eabi/7.2.1/../../../../arm-none-eabi/lib/thumb/v7-m/libc_nano.a(lib_a-exit.o)
                              /home/jeremy/Ac6/SystemWorkbench/plugins/fr.ac6.mcu.externaltools.arm-none.linux64_1.16.0.201807130628/tools/compiler/bin/../lib/gcc/arm-none-eabi/7.2.1/../../../../arm-none-eabi/lib/thumb/v7-m/crt0.o (exit)
/home/jeremy/Ac6/SystemWorkbench/plugins/fr.ac6.mcu.externaltools.arm-none.linux64_1.16.0.201807130628/tools/compiler/bin/../lib/gcc/arm-none-eabi/7.2.1/../../../../arm-none-eabi/lib/thumb/v7-m/libc_nano.a(lib_a-impure.o)
                              /home/jeremy/Ac6/SystemWorkbench/plugins/fr.ac6.mcu.externaltools.arm-none.linux64_1.16.0.201807130628/tools/compiler/bin/../lib/gcc/arm-none-eabi/7.2.1/../../../../arm-none-eabi/lib/thumb/v7-m/libc_nano.a(lib_a-exit.o) (_global_impure_ptr)
/home/jeremy/Ac6/SystemWorkbench/plugins/fr.ac6.mcu.externaltools.arm-none.linux64_1.16.0.201807130628/tools/compiler/bin/../lib/gcc/arm-none-eabi/7.2.1/../../../../arm-none-eabi/lib/thumb/v7-m/libc_nano.a(lib_a-init.o)
                              /home/jeremy/Ac6/SystemWorkbench/plugins/fr.ac6.mcu.externaltools.arm-none.linux64_1.16.0.201807130628/tools/compiler/bin/../lib/gcc/arm-none-eabi/7.2.1/../../../../arm-none-eabi/lib/thumb/v7-m/crt0.o (__libc_init_array)
/home/jeremy/Ac6/SystemWorkbench/plugins/fr.ac6.mcu.externaltools.arm-none.linux64_1.16.0.201807130628/tools/compiler/bin/../lib/gcc/arm-none-eabi/7.2.1/../../../../arm-none-eabi/lib/thumb/v7-m/libc_nano.a(lib_a-memset.o)
                              /home/jeremy/Ac6/SystemWorkbench/plugins/fr.ac6.mcu.externaltools.arm-none.linux64_1.16.0.201807130628/tools/compiler/bin/../lib/gcc/arm-none-eabi/7.2.1/../../../../arm-none-eabi/lib/thumb/v7-m/crt0.o (memset)
/home/jeremy/Ac6/SystemWorkbench/plugins/fr.ac6.mcu.externaltools.arm-none.linux64_1.16.0.201807130628/tools/compiler/bin/../lib/gcc/arm-none-eabi/7.2.1/../../../../arm-none-eabi/lib/thumb/v7-m/libnosys.a(_exit.o)
                              /home/jeremy/Ac6/SystemWorkbench/plugins/fr.ac6.mcu.externaltools.arm-none.linux64_1.16.0.201807130628/tools/compiler/bin/../lib/gcc/arm-none-eabi/7.2.1/../../../../arm-none-eabi/lib/thumb/v7-m/libc_nano.a(lib_a-exit.o) (_exit)

Allocating common symbols
Common symbol       size              file

hdma_tim2_ch2_ch4   0x44              Src/main.o
uwTick              0x4               Drivers/STM32F1xx_HAL_Driver/Src/stm32f1xx_hal.o
pFlash              0x20              Drivers/STM32F1xx_HAL_Driver/Src/stm32f1xx_hal_flash.o
LEDbuffer           0xdc              Src/ws2812.o
htim2               0x40              Src/main.o

Discarded input sections

 .text          0x0000000000000000        0x0 /home/jeremy/Ac6/SystemWorkbench/plugins/fr.ac6.mcu.externaltools.arm-none.linux64_1.16.0.201807130628/tools/compiler/bin/../lib/gcc/arm-none-eabi/7.2.1/thumb/v7-m/crti.o
 .data          0x0000000000000000        0x0 /home/jeremy/Ac6/SystemWorkbench/plugins/fr.ac6.mcu.externaltools.arm-none.linux64_1.16.0.201807130628/tools/compiler/bin/../lib/gcc/arm-none-eabi/7.2.1/thumb/v7-m/crti.o
 .bss           0x0000000000000000        0x0 /home/jeremy/Ac6/SystemWorkbench/plugins/fr.ac6.mcu.externaltools.arm-none.linux64_1.16.0.201807130628/tools/compiler/bin/../lib/gcc/arm-none-eabi/7.2.1/thumb/v7-m/crti.o
 .data          0x0000000000000000        0x4 /home/jeremy/Ac6/SystemWorkbench/plugins/fr.ac6.mcu.externaltools.arm-none.linux64_1.16.0.201807130628/tools/compiler/bin/../lib/gcc/arm-none-eabi/7.2.1/thumb/v7-m/crtbegin.o
 .text          0x0000000000000000       0x74 /home/jeremy/Ac6/SystemWorkbench/plugins/fr.ac6.mcu.externaltools.arm-none.linux64_1.16.0.201807130628/tools/compiler/bin/../lib/gcc/arm-none-eabi/7.2.1/../../../../arm-none-eabi/lib/thumb/v7-m/crt0.o
 .data          0x0000000000000000        0x0 /home/jeremy/Ac6/SystemWorkbench/plugins/fr.ac6.mcu.externaltools.arm-none.linux64_1.16.0.201807130628/tools/compiler/bin/../lib/gcc/arm-none-eabi/7.2.1/../../../../arm-none-eabi/lib/thumb/v7-m/crt0.o
 .bss           0x0000000000000000        0x0 /home/jeremy/Ac6/SystemWorkbench/plugins/fr.ac6.mcu.externaltools.arm-none.linux64_1.16.0.201807130628/tools/compiler/bin/../lib/gcc/arm-none-eabi/7.2.1/../../../../arm-none-eabi/lib/thumb/v7-m/crt0.o
 .ARM.extab     0x0000000000000000        0x0 /home/jeremy/Ac6/SystemWorkbench/plugins/fr.ac6.mcu.externaltools.arm-none.linux64_1.16.0.201807130628/tools/compiler/bin/../lib/gcc/arm-none-eabi/7.2.1/../../../../arm-none-eabi/lib/thumb/v7-m/crt0.o
 .ARM.exidx     0x0000000000000000        0x8 /home/jeremy/Ac6/SystemWorkbench/plugins/fr.ac6.mcu.externaltools.arm-none.linux64_1.16.0.201807130628/tools/compiler/bin/../lib/gcc/arm-none-eabi/7.2.1/../../../../arm-none-eabi/lib/thumb/v7-m/crt0.o
 .ARM.attributes
[...]
Memory Configuration

Name             Origin             Length             Attributes
RAM              0x0000000020000000 0x0000000000010000 xrw
FLASH            0x0000000008000000 0x0000000000080000 xr
*default*        0x0000000000000000 0xffffffffffffffff

Linker script and memory map

LOAD /home/jeremy/Ac6/SystemWorkbench/plugins/fr.ac6.mcu.externaltools.arm-none.linux64_1.16.0.201807130628/tools/compiler/bin/../lib/gcc/arm-none-eabi/7.2.1/thumb/v7-m/crti.o
LOAD /home/jeremy/Ac6/SystemWorkbench/plugins/fr.ac6.mcu.externaltools.arm-none.linux64_1.16.0.201807130628/tools/compiler/bin/../lib/gcc/arm-none-eabi/7.2.1/thumb/v7-m/crtbegin.o
LOAD /home/jeremy/Ac6/SystemWorkbench/plugins/fr.ac6.mcu.externaltools.arm-none.linux64_1.16.0.201807130628/tools/compiler/bin/../lib/gcc/arm-none-eabi/7.2.1/../../../../arm-none-eabi/lib/thumb/v7-m/crt0.o
LOAD Drivers/STM32F1xx_HAL_Driver/Src/stm32f1xx_hal.o
LOAD Drivers/STM32F1xx_HAL_Driver/Src/stm32f1xx_hal_cortex.o
LOAD Drivers/STM32F1xx_HAL_Driver/Src/stm32f1xx_hal_dma.o
LOAD Drivers/STM32F1xx_HAL_Driver/Src/stm32f1xx_hal_flash.o
LOAD Drivers/STM32F1xx_HAL_Driver/Src/stm32f1xx_hal_flash_ex.o
LOAD Drivers/STM32F1xx_HAL_Driver/Src/stm32f1xx_hal_gpio.o
LOAD Drivers/STM32F1xx_HAL_Driver/Src/stm32f1xx_hal_gpio_ex.o
LOAD Drivers/STM32F1xx_HAL_Driver/Src/stm32f1xx_hal_pwr.o
LOAD Drivers/STM32F1xx_HAL_Driver/Src/stm32f1xx_hal_rcc.o
LOAD Drivers/STM32F1xx_HAL_Driver/Src/stm32f1xx_hal_rcc_ex.o
LOAD Drivers/STM32F1xx_HAL_Driver/Src/stm32f1xx_hal_tim.o
LOAD Drivers/STM32F1xx_HAL_Driver/Src/stm32f1xx_hal_tim_ex.o
LOAD Src/animations.o
LOAD Src/main.o
LOAD Src/stm32f1xx_hal_msp.o
LOAD Src/stm32f1xx_it.o
LOAD Src/system_stm32f1xx.o
LOAD Src/ws2812.o
LOAD startup/startup_stm32f103xe.o
LOAD /home/jeremy/Ac6/SystemWorkbench/plugins/fr.ac6.mcu.externaltools.arm-none.linux64_1.16.0.201807130628/tools/compiler/bin/../lib/gcc/arm-none-eabi/7.2.1/../../../../arm-none-eabi/lib/thumb/v7-m/libm.a
START GROUP
LOAD /home/jeremy/Ac6/SystemWorkbench/plugins/fr.ac6.mcu.externaltools.arm-none.linux64_1.16.0.201807130628/tools/compiler/bin/../lib/gcc/arm-none-eabi/7.2.1/thumb/v7-m/libgcc.a
LOAD /home/jeremy/Ac6/SystemWorkbench/plugins/fr.ac6.mcu.externaltools.arm-none.linux64_1.16.0.201807130628/tools/compiler/bin/../lib/gcc/arm-none-eabi/7.2.1/../../../../arm-none-eabi/lib/thumb/v7-m/libc_nano.a
END GROUP
START GROUP
LOAD /home/jeremy/Ac6/SystemWorkbench/plugins/fr.ac6.mcu.externaltools.arm-none.linux64_1.16.0.201807130628/tools/compiler/bin/../lib/gcc/arm-none-eabi/7.2.1/thumb/v7-m/libgcc.a
LOAD /home/jeremy/Ac6/SystemWorkbench/plugins/fr.ac6.mcu.externaltools.arm-none.linux64_1.16.0.201807130628/tools/compiler/bin/../lib/gcc/arm-none-eabi/7.2.1/../../../../arm-none-eabi/lib/thumb/v7-m/libc_nano.a
LOAD /home/jeremy/Ac6/SystemWorkbench/plugins/fr.ac6.mcu.externaltools.arm-none.linux64_1.16.0.201807130628/tools/compiler/bin/../lib/gcc/arm-none-eabi/7.2.1/../../../../arm-none-eabi/lib/thumb/v7-m/libnosys.a
END GROUP
START GROUP
LOAD /home/jeremy/Ac6/SystemWorkbench/plugins/fr.ac6.mcu.externaltools.arm-none.linux64_1.16.0.201807130628/tools/compiler/bin/../lib/gcc/arm-none-eabi/7.2.1/thumb/v7-m/libgcc.a
LOAD /home/jeremy/Ac6/SystemWorkbench/plugins/fr.ac6.mcu.externaltools.arm-none.linux64_1.16.0.201807130628/tools/compiler/bin/../lib/gcc/arm-none-eabi/7.2.1/../../../../arm-none-eabi/lib/thumb/v7-m/libc_nano.a
LOAD /home/jeremy/Ac6/SystemWorkbench/plugins/fr.ac6.mcu.externaltools.arm-none.linux64_1.16.0.201807130628/tools/compiler/bin/../lib/gcc/arm-none-eabi/7.2.1/../../../../arm-none-eabi/lib/thumb/v7-m/libnosys.a
END GROUP
LOAD /home/jeremy/Ac6/SystemWorkbench/plugins/fr.ac6.mcu.externaltools.arm-none.linux64_1.16.0.201807130628/tools/compiler/bin/../lib/gcc/arm-none-eabi/7.2.1/thumb/v7-m/crtend.o
LOAD /home/jeremy/Ac6/SystemWorkbench/plugins/fr.ac6.mcu.externaltools.arm-none.linux64_1.16.0.201807130628/tools/compiler/bin/../lib/gcc/arm-none-eabi/7.2.1/thumb/v7-m/crtn.o
                0x0000000020010000                _estack = 0x20010000
                0x0000000000000200                _Min_Heap_Size = 0x200
                0x0000000000000400                _Min_Stack_Size = 0x400

.isr_vector     0x0000000008000000      0x1e4
                0x0000000008000000                . = ALIGN (0x4)
 *(.isr_vector)
 .isr_vector    0x0000000008000000      0x1e4 startup/startup_stm32f103xe.o
                0x0000000008000000                g_pfnVectors
                0x00000000080001e4                . = ALIGN (0x4)

.text           0x00000000080001e4     0x1bf8
                0x00000000080001e4                . = ALIGN (0x4)
 *(.text)
 .text          0x00000000080001e4       0x40 /home/jeremy/Ac6/SystemWorkbench/plugins/fr.ac6.mcu.externaltools.arm-none.linux64_1.16.0.201807130628/tools/compiler/bin/../lib/gcc/arm-none-eabi/7.2.1/thumb/v7-m/crtbegin.o
 *(.text*)
 .text.HAL_InitTick
                0x0000000008000224       0x48 Drivers/STM32F1xx_HAL_Driver/Src/stm32f1xx_hal.o
                0x0000000008000224                HAL_InitTick
 .text.HAL_Init
                0x000000000800026c       0x24 Drivers/STM32F1xx_HAL_Driver/Src/stm32f1xx_hal.o
                0x000000000800026c                HAL_Init
 .text.HAL_IncTick
                0x0000000008000290       0x18 Drivers/STM32F1xx_HAL_Driver/Src/stm32f1xx_hal.o
                0x0000000008000290                HAL_IncTick
 .text.HAL_GetTick
                0x00000000080002a8        0xc Drivers/STM32F1xx_HAL_Driver/Src/stm32f1xx_hal.o
                0x00000000080002a8                HAL_GetTick
 .text.HAL_Delay
                0x00000000080002b4       0x28 Drivers/STM32F1xx_HAL_Driver/Src/stm32f1xx_hal.o
                0x00000000080002b4                HAL_Delay
 .text.HAL_NVIC_SetPriorityGrouping
                0x00000000080002dc       0x24 Drivers/STM32F1xx_HAL_Driver/Src/stm32f1xx_hal_cortex.o
                0x00000000080002dc                HAL_NVIC_SetPriorityGrouping
 .text.HAL_NVIC_SetPriority
                0x0000000008000300       0x68 Drivers/STM32F1xx_HAL_Driver/Src/stm32f1xx_hal_cortex.o
                0x0000000008000300                HAL_NVIC_SetPriority
 .text.HAL_NVIC_EnableIRQ
                0x0000000008000368       0x18 Drivers/STM32F1xx_HAL_Driver/Src/stm32f1xx_hal_cortex.o
                0x0000000008000368                HAL_NVIC_EnableIRQ
 .text.HAL_SYSTICK_Config
                0x0000000008000380       0x2c Drivers/STM32F1xx_HAL_Driver/Src/stm32f1xx_hal_cortex.o
                0x0000000008000380                HAL_SYSTICK_Config
 .text.HAL_SYSTICK_CLKSourceConfig
                0x00000000080003ac       0x20 Drivers/STM32F1xx_HAL_Driver/Src/stm32f1xx_hal_cortex.o
                0x00000000080003ac                HAL_SYSTICK_CLKSourceConfig
 .text.HAL_SYSTICK_Callback
                0x00000000080003cc        0x2 Drivers/STM32F1xx_HAL_Driver/Src/stm32f1xx_hal_cortex.o
                0x00000000080003cc                HAL_SYSTICK_Callback
 .text.HAL_SYSTICK_IRQHandler
                0x00000000080003ce        0x8 Drivers/STM32F1xx_HAL_Driver/Src/stm32f1xx_hal_cortex.o
                0x00000000080003ce                HAL_SYSTICK_IRQHandler
 .text.DMA_SetConfig
                0x00000000080003d6       0x2c Drivers/STM32F1xx_HAL_Driver/Src/stm32f1xx_hal_dma.o
 *fill*         0x0000000008000402        0x2 
 .text.HAL_DMA_Init
                0x0000000008000404       0xa0 Drivers/STM32F1xx_HAL_Driver/Src/stm32f1xx_hal_dma.o
                0x0000000008000404                HAL_DMA_Init
 .text.HAL_DMA_Start_IT
                0x00000000080004a4       0x74 Drivers/STM32F1xx_HAL_Driver/Src/stm32f1xx_hal_dma.o
                0x00000000080004a4                HAL_DMA_Start_IT
 .text.HAL_DMA_IRQHandler
                0x0000000008000518      0x2ec Drivers/STM32F1xx_HAL_Driver/Src/stm32f1xx_hal_dma.o
                0x0000000008000518                HAL_DMA_IRQHandler
 .text.HAL_GPIO_Init
                0x0000000008000804      0x1f0 Drivers/STM32F1xx_HAL_Driver/Src/stm32f1xx_hal_gpio.o
                0x0000000008000804                HAL_GPIO_Init
 .text.RCC_Delay
                0x00000000080009f4       0x2c Drivers/STM32F1xx_HAL_Driver/Src/stm32f1xx_hal_rcc.o
 .text.HAL_RCC_OscConfig
                0x0000000008000a20      0x3dc Drivers/STM32F1xx_HAL_Driver/Src/stm32f1xx_hal_rcc.o
                0x0000000008000a20                HAL_RCC_OscConfig
 .text.HAL_RCC_GetSysClockFreq
                0x0000000008000dfc       0x70 Drivers/STM32F1xx_HAL_Driver/Src/stm32f1xx_hal_rcc.o
                0x0000000008000dfc                HAL_RCC_GetSysClockFreq
 .text.HAL_RCC_ClockConfig
                0x0000000008000e6c      0x178 Drivers/STM32F1xx_HAL_Driver/Src/stm32f1xx_hal_rcc.o
                0x0000000008000e6c                HAL_RCC_ClockConfig
 .text.HAL_RCC_GetHCLKFreq
                0x0000000008000fe4        0xc Drivers/STM32F1xx_HAL_Driver/Src/stm32f1xx_hal_rcc.o
                0x0000000008000fe4                HAL_RCC_GetHCLKFreq
 .text.TIM_OC1_SetConfig
                0x0000000008000ff0       0x68 Drivers/STM32F1xx_HAL_Driver/Src/stm32f1xx_hal_tim.o
 .text.TIM_OC3_SetConfig
                0x0000000008001058       0x70 Drivers/STM32F1xx_HAL_Driver/Src/stm32f1xx_hal_tim.o
 .text.TIM_OC4_SetConfig
                0x00000000080010c8       0x50 Drivers/STM32F1xx_HAL_Driver/Src/stm32f1xx_hal_tim.o
 .text.TIM_TI1_ConfigInputStage
                0x0000000008001118       0x24 Drivers/STM32F1xx_HAL_Driver/Src/stm32f1xx_hal_tim.o
 .text.TIM_TI2_ConfigInputStage
                0x000000000800113c       0x26 Drivers/STM32F1xx_HAL_Driver/Src/stm32f1xx_hal_tim.o
 .text.TIM_ITRx_SetConfig
                0x0000000008001162       0x10 Drivers/STM32F1xx_HAL_Driver/Src/stm32f1xx_hal_tim.o
 .text.TIM_ETR_SetConfig
                0x0000000008001172       0x16 Drivers/STM32F1xx_HAL_Driver/Src/stm32f1xx_hal_tim.o
 .text.HAL_TIM_PWM_MspInit
                0x0000000008001188        0x2 Drivers/STM32F1xx_HAL_Driver/Src/stm32f1xx_hal_tim.o
                0x0000000008001188                HAL_TIM_PWM_MspInit
 .text.HAL_TIM_ConfigClockSource
                0x000000000800118a      0x108 Drivers/STM32F1xx_HAL_Driver/Src/stm32f1xx_hal_tim.o
                0x000000000800118a                HAL_TIM_ConfigClockSource
 .text.HAL_TIM_PeriodElapsedCallback
                0x0000000008001292        0x2 Drivers/STM32F1xx_HAL_Driver/Src/stm32f1xx_hal_tim.o
                0x0000000008001292                HAL_TIM_PeriodElapsedCallback
 .text.HAL_TIM_OC_DelayElapsedCallback
                0x0000000008001294        0x2 Drivers/STM32F1xx_HAL_Driver/Src/stm32f1xx_hal_tim.o
                0x0000000008001294                HAL_TIM_OC_DelayElapsedCallback
 .text.HAL_TIM_IC_CaptureCallback
                0x0000000008001296        0x2 Drivers/STM32F1xx_HAL_Driver/Src/stm32f1xx_hal_tim.o
                0x0000000008001296                HAL_TIM_IC_CaptureCallback
 .text.HAL_TIM_PWM_PulseFinishedCallback
                0x0000000008001298        0x2 Drivers/STM32F1xx_HAL_Driver/Src/stm32f1xx_hal_tim.o
                0x0000000008001298                HAL_TIM_PWM_PulseFinishedCallback
 .text.TIM_DMADelayPulseCplt
                0x000000000800129a       0x44 Drivers/STM32F1xx_HAL_Driver/Src/stm32f1xx_hal_tim.o
                0x000000000800129a                TIM_DMADelayPulseCplt
 .text.HAL_TIM_TriggerCallback
                0x00000000080012de        0x2 Drivers/STM32F1xx_HAL_Driver/Src/stm32f1xx_hal_tim.o
                0x00000000080012de                HAL_TIM_TriggerCallback
 .text.HAL_TIM_IRQHandler
                0x00000000080012e0      0x17a Drivers/STM32F1xx_HAL_Driver/Src/stm32f1xx_hal_tim.o
                0x00000000080012e0                HAL_TIM_IRQHandler
 .text.HAL_TIM_ErrorCallback
                0x000000000800145a        0x2 Drivers/STM32F1xx_HAL_Driver/Src/stm32f1xx_hal_tim.o
                0x000000000800145a                HAL_TIM_ErrorCallback
 .text.TIM_DMAError
                0x000000000800145c       0x10 Drivers/STM32F1xx_HAL_Driver/Src/stm32f1xx_hal_tim.o
                0x000000000800145c                TIM_DMAError
 .text.TIM_Base_SetConfig
                0x000000000800146c       0x98 Drivers/STM32F1xx_HAL_Driver/Src/stm32f1xx_hal_tim.o
                0x000000000800146c                TIM_Base_SetConfig
 .text.HAL_TIM_Base_Init
                0x0000000008001504       0x32 Drivers/STM32F1xx_HAL_Driver/Src/stm32f1xx_hal_tim.o
                0x0000000008001504                HAL_TIM_Base_Init
 .text.HAL_TIM_PWM_Init
                0x0000000008001536       0x32 Drivers/STM32F1xx_HAL_Driver/Src/stm32f1xx_hal_tim.o
                0x0000000008001536                HAL_TIM_PWM_Init
 .text.TIM_OC2_SetConfig
                0x0000000008001568       0x70 Drivers/STM32F1xx_HAL_Driver/Src/stm32f1xx_hal_tim.o
                0x0000000008001568                TIM_OC2_SetConfig
 .text.HAL_TIM_PWM_ConfigChannel
                0x00000000080015d8       0xdc Drivers/STM32F1xx_HAL_Driver/Src/stm32f1xx_hal_tim.o
                0x00000000080015d8                HAL_TIM_PWM_ConfigChannel
 .text.TIM_CCxChannelCmd
                0x00000000080016b4       0x1c Drivers/STM32F1xx_HAL_Driver/Src/stm32f1xx_hal_tim.o
                0x00000000080016b4                TIM_CCxChannelCmd
 .text.HAL_TIM_PWM_Start_DMA
                0x00000000080016d0      0x114 Drivers/STM32F1xx_HAL_Driver/Src/stm32f1xx_hal_tim.o
                0x00000000080016d0                HAL_TIM_PWM_Start_DMA
 .text.HAL_TIMEx_MasterConfigSynchronization
                0x00000000080017e4       0x52 Drivers/STM32F1xx_HAL_Driver/Src/stm32f1xx_hal_tim_ex.o
                0x00000000080017e4                HAL_TIMEx_MasterConfigSynchronization
 .text.HAL_TIMEx_CommutationCallback
                0x0000000008001836        0x2 Drivers/STM32F1xx_HAL_Driver/Src/stm32f1xx_hal_tim_ex.o
                0x0000000008001836                HAL_TIMEx_CommutationCallback
 .text.HAL_TIMEx_BreakCallback
                0x0000000008001838        0x2 Drivers/STM32F1xx_HAL_Driver/Src/stm32f1xx_hal_tim_ex.o
                0x0000000008001838                HAL_TIMEx_BreakCallback
 *fill*         0x000000000800183a        0x2 
 .text.Rainbow  0x000000000800183c       0x50 Src/animations.o
                0x000000000800183c                Rainbow
 .text.MX_GPIO_Init
                0x000000000800188c       0x30 Src/main.o
 .text.MX_DMA_Init
                0x00000000080018bc       0x34 Src/main.o
 .text._Error_Handler
                0x00000000080018f0        0x2 Src/main.o
                0x00000000080018f0                _Error_Handler
 *fill*         0x00000000080018f2        0x2 
 .text.MX_TIM2_Init
                0x00000000080018f4       0xa4 Src/main.o
 .text.SystemClock_Config
                0x0000000008001998       0x84 Src/main.o
                0x0000000008001998                SystemClock_Config
 .text.main     0x0000000008001a1c       0x22 Src/main.o
                0x0000000008001a1c                main
 *fill*         0x0000000008001a3e        0x2 
 .text.HAL_MspInit
                0x0000000008001a40       0xa0 Src/stm32f1xx_hal_msp.o
                0x0000000008001a40                HAL_MspInit
 .text.HAL_TIM_Base_MspInit
                0x0000000008001ae0       0x84 Src/stm32f1xx_hal_msp.o
                0x0000000008001ae0                HAL_TIM_Base_MspInit
 .text.HAL_TIM_MspPostInit
                0x0000000008001b64       0x2c Src/stm32f1xx_hal_msp.o
                0x0000000008001b64                HAL_TIM_MspPostInit
 .text.NMI_Handler
                0x0000000008001b90        0x2 Src/stm32f1xx_it.o
                0x0000000008001b90                NMI_Handler
 .text.HardFault_Handler
                0x0000000008001b92        0x2 Src/stm32f1xx_it.o
                0x0000000008001b92                HardFault_Handler
 .text.MemManage_Handler
                0x0000000008001b94        0x2 Src/stm32f1xx_it.o
                0x0000000008001b94                MemManage_Handler
 .text.BusFault_Handler
                0x0000000008001b96        0x2 Src/stm32f1xx_it.o
                0x0000000008001b96                BusFault_Handler
 .text.UsageFault_Handler
                0x0000000008001b98        0x2 Src/stm32f1xx_it.o
                0x0000000008001b98                UsageFault_Handler
 .text.SVC_Handler
                0x0000000008001b9a        0x2 Src/stm32f1xx_it.o
                0x0000000008001b9a                SVC_Handler
 .text.DebugMon_Handler
                0x0000000008001b9c        0x2 Src/stm32f1xx_it.o
                0x0000000008001b9c                DebugMon_Handler
 .text.PendSV_Handler
                0x0000000008001b9e        0x2 Src/stm32f1xx_it.o
                0x0000000008001b9e                PendSV_Handler
 .text.SysTick_Handler
                0x0000000008001ba0        0xc Src/stm32f1xx_it.o
                0x0000000008001ba0                SysTick_Handler
 .text.DMA1_Channel7_IRQHandler
                0x0000000008001bac       0x10 Src/stm32f1xx_it.o
                0x0000000008001bac                DMA1_Channel7_IRQHandler
 .text.TIM2_IRQHandler
                0x0000000008001bbc       0x10 Src/stm32f1xx_it.o
                0x0000000008001bbc                TIM2_IRQHandler
 .text.SystemInit
                0x0000000008001bcc       0x4c Src/system_stm32f1xx.o
                0x0000000008001bcc                SystemInit
 .text.dma_start
                0x0000000008001c18       0x18 Src/ws2812.o
                0x0000000008001c18                dma_start
 .text.setLEDcolor
                0x0000000008001c30       0xb0 Src/ws2812.o
                0x0000000008001c30                setLEDcolor
 .text.LED_black_out
                0x0000000008001ce0       0x44 Src/ws2812.o
                0x0000000008001ce0                LED_black_out
 .text.ws2812_init
                0x0000000008001d24        0xc Src/ws2812.o
                0x0000000008001d24                ws2812_init
 .text.Reset_Handler
                0x0000000008001d30       0x48 startup/startup_stm32f103xe.o
                0x0000000008001d30                Reset_Handler
 .text.Default_Handler
                0x0000000008001d78        0x2 startup/startup_stm32f103xe.o
                0x0000000008001d78                RTC_Alarm_IRQHandler
                0x0000000008001d78                EXTI2_IRQHandler
                0x0000000008001d78                TIM8_TRG_COM_IRQHandler
                0x0000000008001d78                TIM8_CC_IRQHandler
                0x0000000008001d78                TIM1_CC_IRQHandler
                0x0000000008001d78                TIM6_IRQHandler
                0x0000000008001d78                PVD_IRQHandler
                0x0000000008001d78                SDIO_IRQHandler
                0x0000000008001d78                EXTI3_IRQHandler
                0x0000000008001d78                EXTI0_IRQHandler
                0x0000000008001d78                I2C2_EV_IRQHandler
                0x0000000008001d78                ADC1_2_IRQHandler
                0x0000000008001d78                SPI1_IRQHandler
                0x0000000008001d78                TAMPER_IRQHandler
                0x0000000008001d78                TIM8_UP_IRQHandler
                0x0000000008001d78                DMA2_Channel2_IRQHandler
                0x0000000008001d78                DMA1_Channel4_IRQHandler
                0x0000000008001d78                USART3_IRQHandler
                0x0000000008001d78                RTC_IRQHandler
                0x0000000008001d78                CAN1_RX1_IRQHandler
                0x0000000008001d78                UART5_IRQHandler
                0x0000000008001d78                ADC3_IRQHandler
                0x0000000008001d78                TIM4_IRQHandler
                0x0000000008001d78                DMA2_Channel1_IRQHandler
                0x0000000008001d78                I2C1_EV_IRQHandler
                0x0000000008001d78                DMA1_Channel6_IRQHandler
                0x0000000008001d78                UART4_IRQHandler
                0x0000000008001d78                TIM3_IRQHandler
                0x0000000008001d78                RCC_IRQHandler
                0x0000000008001d78                TIM1_TRG_COM_IRQHandler
                0x0000000008001d78                DMA1_Channel1_IRQHandler
                0x0000000008001d78                Default_Handler
                0x0000000008001d78                EXTI15_10_IRQHandler
                0x0000000008001d78                TIM7_IRQHandler
                0x0000000008001d78                TIM5_IRQHandler
                0x0000000008001d78                EXTI9_5_IRQHandler
                0x0000000008001d78                SPI2_IRQHandler
                0x0000000008001d78                DMA1_Channel5_IRQHandler
                0x0000000008001d78                EXTI4_IRQHandler
                0x0000000008001d78                USB_LP_CAN1_RX0_IRQHandler
                0x0000000008001d78                USB_HP_CAN1_TX_IRQHandler
                0x0000000008001d78                DMA1_Channel3_IRQHandler
                0x0000000008001d78                FSMC_IRQHandler
                0x0000000008001d78                TIM1_UP_IRQHandler
                0x0000000008001d78                WWDG_IRQHandler
                0x0000000008001d78                TIM1_BRK_IRQHandler
                0x0000000008001d78                EXTI1_IRQHandler
                0x0000000008001d78                DMA2_Channel4_5_IRQHandler
                0x0000000008001d78                USART2_IRQHandler
                0x0000000008001d78                I2C2_ER_IRQHandler
                0x0000000008001d78                DMA1_Channel2_IRQHandler
                0x0000000008001d78                TIM8_BRK_IRQHandler
                0x0000000008001d78                CAN1_SCE_IRQHandler
                0x0000000008001d78                FLASH_IRQHandler
                0x0000000008001d78                USART1_IRQHandler
                0x0000000008001d78                SPI3_IRQHandler
                0x0000000008001d78                I2C1_ER_IRQHandler
                0x0000000008001d78                USBWakeUp_IRQHandler
                0x0000000008001d78                DMA2_Channel3_IRQHandler
 *fill*         0x0000000008001d7a        0x2 
 .text.__libc_init_array
                0x0000000008001d7c       0x48 /home/jeremy/Ac6/SystemWorkbench/plugins/fr.ac6.mcu.externaltools.arm-none.linux64_1.16.0.201807130628/tools/compiler/bin/../lib/gcc/arm-none-eabi/7.2.1/../../../../arm-none-eabi/lib/thumb/v7-m/libc_nano.a(lib_a-init.o)
                0x0000000008001d7c                __libc_init_array
 *(.glue_7)
 .glue_7        0x0000000008001dc4        0x0 linker stubs
 *(.glue_7t)
 .glue_7t       0x0000000008001dc4        0x0 linker stubs
 *(.eh_frame)
 .eh_frame      0x0000000008001dc4        0x0 /home/jeremy/Ac6/SystemWorkbench/plugins/fr.ac6.mcu.externaltools.arm-none.linux64_1.16.0.201807130628/tools/compiler/bin/../lib/gcc/arm-none-eabi/7.2.1/thumb/v7-m/crtbegin.o
 *(.init)
 .init          0x0000000008001dc4        0x4 /home/jeremy/Ac6/SystemWorkbench/plugins/fr.ac6.mcu.externaltools.arm-none.linux64_1.16.0.201807130628/tools/compiler/bin/../lib/gcc/arm-none-eabi/7.2.1/thumb/v7-m/crti.o
                0x0000000008001dc4                _init
 .init          0x0000000008001dc8        0x8 /home/jeremy/Ac6/SystemWorkbench/plugins/fr.ac6.mcu.externaltools.arm-none.linux64_1.16.0.201807130628/tools/compiler/bin/../lib/gcc/arm-none-eabi/7.2.1/thumb/v7-m/crtn.o
 *(.fini)
 .fini          0x0000000008001dd0        0x4 /home/jeremy/Ac6/SystemWorkbench/plugins/fr.ac6.mcu.externaltools.arm-none.linux64_1.16.0.201807130628/tools/compiler/bin/../lib/gcc/arm-none-eabi/7.2.1/thumb/v7-m/crti.o
                0x0000000008001dd0                _fini
 .fini          0x0000000008001dd4        0x8 /home/jeremy/Ac6/SystemWorkbench/plugins/fr.ac6.mcu.externaltools.arm-none.linux64_1.16.0.201807130628/tools/compiler/bin/../lib/gcc/arm-none-eabi/7.2.1/thumb/v7-m/crtn.o
                0x0000000008001ddc                . = ALIGN (0x4)
                0x0000000008001ddc                _etext = .

.vfp11_veneer   0x0000000008001ddc        0x0
 .vfp11_veneer  0x0000000008001ddc        0x0 linker stubs

.v4_bx          0x0000000008001ddc        0x0
 .v4_bx         0x0000000008001ddc        0x0 linker stubs

.iplt           0x0000000008001ddc        0x0
 .iplt          0x0000000008001ddc        0x0 /home/jeremy/Ac6/SystemWorkbench/plugins/fr.ac6.mcu.externaltools.arm-none.linux64_1.16.0.201807130628/tools/compiler/bin/../lib/gcc/arm-none-eabi/7.2.1/thumb/v7-m/crtbegin.o

.rodata         0x0000000008001ddc       0x58
                0x0000000008001ddc                . = ALIGN (0x4)
 *(.rodata)
 .rodata        0x0000000008001ddc       0x12 Drivers/STM32F1xx_HAL_Driver/Src/stm32f1xx_hal_rcc.o
 *fill*         0x0000000008001dee        0x2 
 .rodata        0x0000000008001df0       0x18 Src/system_stm32f1xx.o
                0x0000000008001df0                AHBPrescTable
                0x0000000008001e00                APBPrescTable
 *(.rodata*)
 .rodata.str1.4
                0x0000000008001e08        0xe Src/main.o
 *fill*         0x0000000008001e16        0x2 
 .rodata.str1.4
                0x0000000008001e18       0x1c Src/stm32f1xx_hal_msp.o
                                         0x1b (size before relaxing)
                0x0000000008001e34                . = ALIGN (0x4)

.rel.dyn        0x0000000008001e34        0x0
 .rel.iplt      0x0000000008001e34        0x0 /home/jeremy/Ac6/SystemWorkbench/plugins/fr.ac6.mcu.externaltools.arm-none.linux64_1.16.0.201807130628/tools/compiler/bin/../lib/gcc/arm-none-eabi/7.2.1/thumb/v7-m/crtbegin.o

.ARM.extab
 *(.ARM.extab* .gnu.linkonce.armextab.*)

.ARM            0x0000000008001e34        0x0
                0x0000000008001e34                __exidx_start = .
 *(.ARM.exidx*)
                0x0000000008001e34                __exidx_end = .

.preinit_array  0x0000000008001e34        0x0
                0x0000000008001e34                PROVIDE (__preinit_array_start, .)
 *(.preinit_array*)
                0x0000000008001e34                PROVIDE (__preinit_array_end, .)

.init_array     0x0000000008001e34        0x4
                0x0000000008001e34                PROVIDE (__init_array_start, .)
 *(SORT_BY_NAME(.init_array.*))
 *(.init_array*)
 .init_array    0x0000000008001e34        0x4 /home/jeremy/Ac6/SystemWorkbench/plugins/fr.ac6.mcu.externaltools.arm-none.linux64_1.16.0.201807130628/tools/compiler/bin/../lib/gcc/arm-none-eabi/7.2.1/thumb/v7-m/crtbegin.o
                0x0000000008001e38                PROVIDE (__init_array_end, .)

.fini_array     0x0000000008001e38        0x4
                [!provide]                        PROVIDE (__fini_array_start, .)
 *(SORT_BY_NAME(.fini_array.*))
 *(.fini_array*)
 .fini_array    0x0000000008001e38        0x4 /home/jeremy/Ac6/SystemWorkbench/plugins/fr.ac6.mcu.externaltools.arm-none.linux64_1.16.0.201807130628/tools/compiler/bin/../lib/gcc/arm-none-eabi/7.2.1/thumb/v7-m/crtbegin.o
                [!provide]                        PROVIDE (__fini_array_end, .)
                0x0000000008001e3c                _sidata = LOADADDR (.data)

.data           0x0000000020000000      0x908 load address 0x0000000008001e3c
                0x0000000020000000                . = ALIGN (0x4)
                0x0000000020000000                _sdata = .
 *(.data)
 .data          0x0000000020000000        0x8 Drivers/STM32F1xx_HAL_Driver/Src/stm32f1xx_hal.o
                0x0000000020000000                uwTickFreq
                0x0000000020000004                uwTickPrio
 .data          0x0000000020000008      0x8fa Src/animations.o
                0x0000000020000008                colorsFull
 *fill*         0x0000000020000902        0x2 
 .data          0x0000000020000904        0x4 Src/system_stm32f1xx.o
                0x0000000020000904                SystemCoreClock
 *(.data*)
                0x0000000020000908                . = ALIGN (0x4)
                0x0000000020000908                _edata = .

.igot.plt       0x0000000020000908        0x0 load address 0x0000000008002744
 .igot.plt      0x0000000020000908        0x0 /home/jeremy/Ac6/SystemWorkbench/plugins/fr.ac6.mcu.externaltools.arm-none.linux64_1.16.0.201807130628/tools/compiler/bin/../lib/gcc/arm-none-eabi/7.2.1/thumb/v7-m/crtbegin.o
                0x0000000020000908                . = ALIGN (0x4)

.bss            0x0000000020000908      0x184 load address 0x0000000008002744
                0x0000000020000908                _sbss = .
                0x0000000020000908                __bss_start__ = _sbss
 *(.bss)
 .bss           0x0000000020000908       0x1c /home/jeremy/Ac6/SystemWorkbench/plugins/fr.ac6.mcu.externaltools.arm-none.linux64_1.16.0.201807130628/tools/compiler/bin/../lib/gcc/arm-none-eabi/7.2.1/thumb/v7-m/crtbegin.o
 .bss           0x0000000020000924        0x4 Src/animations.o
 *(.bss*)
 *(COMMON)
 COMMON         0x0000000020000928        0x4 Drivers/STM32F1xx_HAL_Driver/Src/stm32f1xx_hal.o
                0x0000000020000928                uwTick
 COMMON         0x000000002000092c       0x84 Src/main.o
                0x000000002000092c                hdma_tim2_ch2_ch4
                0x0000000020000970                htim2
 COMMON         0x00000000200009b0       0xdc Src/ws2812.o
                0x00000000200009b0                LEDbuffer
                0x0000000020000a8c                . = ALIGN (0x4)
                0x0000000020000a8c                _ebss = .
                0x0000000020000a8c                __bss_end__ = _ebss

._user_heap_stack
                0x0000000020000a8c      0x604 load address 0x0000000008002744
                0x0000000020000a90                . = ALIGN (0x8)
 *fill*         0x0000000020000a8c        0x4 
                [!provide]                        PROVIDE (end, .)
                [!provide]                        PROVIDE (_end, .)
                0x0000000020000c90                . = (. + _Min_Heap_Size)
 *fill*         0x0000000020000a90      0x200 
                0x0000000020001090                . = (. + _Min_Stack_Size)
 *fill*         0x0000000020000c90      0x400 
                0x0000000020001090                . = ALIGN (0x8)

/DISCARD/
 libc.a(*)
 libm.a(*)
 libgcc.a(*)

.ARM.attributes
                0x0000000000000000       0x29
 *(.ARM.attributes)
 .ARM.attributes
                0x0000000000000000       0x1d /home/jeremy/Ac6/SystemWorkbench/plugins/fr.ac6.mcu.externaltools.arm-none.linux64_1.16.0.201807130628/tools/compiler/bin/../lib/gcc/arm-none-eabi/7.2.1/thumb/v7-m/crti.o
 .ARM.attributes
                0x000000000000001d       0x2d /home/jeremy/Ac6/SystemWorkbench/plugins/fr.ac6.mcu.externaltools.arm-none.linux64_1.16.0.201807130628/tools/compiler/bin/../lib/gcc/arm-none-eabi/7.2.1/thumb/v7-m/crtbegin.o
 .ARM.attributes
                0x000000000000004a       0x33 Drivers/STM32F1xx_HAL_Driver/Src/stm32f1xx_hal.o
 .ARM.attributes
                0x000000000000007d       0x33 Drivers/STM32F1xx_HAL_Driver/Src/stm32f1xx_hal_cortex.o
 .ARM.attributes
                0x00000000000000b0       0x33 Drivers/STM32F1xx_HAL_Driver/Src/stm32f1xx_hal_dma.o
 .ARM.attributes
                0x00000000000000e3       0x33 Drivers/STM32F1xx_HAL_Driver/Src/stm32f1xx_hal_gpio.o
 .ARM.attributes
                0x0000000000000116       0x33 Drivers/STM32F1xx_HAL_Driver/Src/stm32f1xx_hal_rcc.o
 .ARM.attributes
                0x0000000000000149       0x33 Drivers/STM32F1xx_HAL_Driver/Src/stm32f1xx_hal_tim.o
 .ARM.attributes
                0x000000000000017c       0x33 Drivers/STM32F1xx_HAL_Driver/Src/stm32f1xx_hal_tim_ex.o
 .ARM.attributes
                0x00000000000001af       0x33 Src/animations.o
 .ARM.attributes
                0x00000000000001e2       0x33 Src/main.o
 .ARM.attributes
                0x0000000000000215       0x33 Src/stm32f1xx_hal_msp.o
 .ARM.attributes
                0x0000000000000248       0x33 Src/stm32f1xx_it.o
 .ARM.attributes
                0x000000000000027b       0x33 Src/system_stm32f1xx.o
 .ARM.attributes
                0x00000000000002ae       0x33 Src/ws2812.o
 .ARM.attributes
                0x00000000000002e1       0x21 startup/startup_stm32f103xe.o
 .ARM.attributes
                0x0000000000000302       0x2d /home/jeremy/Ac6/SystemWorkbench/plugins/fr.ac6.mcu.externaltools.arm-none.linux64_1.16.0.201807130628/tools/compiler/bin/../lib/gcc/arm-none-eabi/7.2.1/../../../../arm-none-eabi/lib/thumb/v7-m/libc_nano.a(lib_a-init.o)
 .ARM.attributes
                0x000000000000032f       0x1d /home/jeremy/Ac6/SystemWorkbench/plugins/fr.ac6.mcu.externaltools.arm-none.linux64_1.16.0.201807130628/tools/compiler/bin/../lib/gcc/arm-none-eabi/7.2.1/thumb/v7-m/crtn.o
OUTPUT(led.elf elf32-littlearm)

.debug_info     0x0000000000000000    0x10aa7
 .debug_info    0x0000000000000000     0x100c Drivers/STM32F1xx_HAL_Driver/Src/stm32f1xx_hal.o
 .debug_info    0x000000000000100c     0x14db Drivers/STM32F1xx_HAL_Driver/Src/stm32f1xx_hal_cortex.o
 .debug_info    0x00000000000024e7     0x1014 Drivers/STM32F1xx_HAL_Driver/Src/stm32f1xx_hal_dma.o
 .debug_info    0x00000000000034fb      0xe87 Drivers/STM32F1xx_HAL_Driver/Src/stm32f1xx_hal_gpio.o
 .debug_info    0x0000000000004382     0x11ef Drivers/STM32F1xx_HAL_Driver/Src/stm32f1xx_hal_rcc.o
 .debug_info    0x0000000000005571     0x3660 Drivers/STM32F1xx_HAL_Driver/Src/stm32f1xx_hal_tim.o
 .debug_info    0x0000000000008bd1     0x1aa8 Drivers/STM32F1xx_HAL_Driver/Src/stm32f1xx_hal_tim_ex.o
 .debug_info    0x000000000000a679      0xe85 Src/animations.o
 .debug_info    0x000000000000b4fe     0x1661 Src/main.o
 .debug_info    0x000000000000cb5f     0x143a Src/stm32f1xx_hal_msp.o
 .debug_info    0x000000000000df99      0xef0 Src/stm32f1xx_it.o
 .debug_info    0x000000000000ee89      0xc15 Src/system_stm32f1xx.o
 .debug_info    0x000000000000fa9e      0xfe7 Src/ws2812.o
 .debug_info    0x0000000000010a85       0x22 startup/startup_stm32f103xe.o

.debug_abbrev   0x0000000000000000     0x23ea
 .debug_abbrev  0x0000000000000000      0x2f4 Drivers/STM32F1xx_HAL_Driver/Src/stm32f1xx_hal.o
 .debug_abbrev  0x00000000000002f4      0x3cd Drivers/STM32F1xx_HAL_Driver/Src/stm32f1xx_hal_cortex.o
 .debug_abbrev  0x00000000000006c1      0x2e5 Drivers/STM32F1xx_HAL_Driver/Src/stm32f1xx_hal_dma.o
 .debug_abbrev  0x00000000000009a6      0x2a7 Drivers/STM32F1xx_HAL_Driver/Src/stm32f1xx_hal_gpio.o
 .debug_abbrev  0x0000000000000c4d      0x335 Drivers/STM32F1xx_HAL_Driver/Src/stm32f1xx_hal_rcc.o
 .debug_abbrev  0x0000000000000f82      0x2ef Drivers/STM32F1xx_HAL_Driver/Src/stm32f1xx_hal_tim.o
 .debug_abbrev  0x0000000000001271      0x2e0 Drivers/STM32F1xx_HAL_Driver/Src/stm32f1xx_hal_tim_ex.o
 .debug_abbrev  0x0000000000001551      0x27a Src/animations.o
 .debug_abbrev  0x00000000000017cb      0x2d8 Src/main.o
 .debug_abbrev  0x0000000000001aa3      0x270 Src/stm32f1xx_hal_msp.o
 .debug_abbrev  0x0000000000001d13      0x221 Src/stm32f1xx_it.o
 .debug_abbrev  0x0000000000001f34      0x228 Src/system_stm32f1xx.o
 .debug_abbrev  0x000000000000215c      0x27c Src/ws2812.o
 .debug_abbrev  0x00000000000023d8       0x12 startup/startup_stm32f103xe.o

.debug_loc      0x0000000000000000     0x610c
 .debug_loc     0x0000000000000000       0xfd Drivers/STM32F1xx_HAL_Driver/Src/stm32f1xx_hal.o
 .debug_loc     0x00000000000000fd      0x5ad Drivers/STM32F1xx_HAL_Driver/Src/stm32f1xx_hal_cortex.o
 .debug_loc     0x00000000000006aa      0x7a7 Drivers/STM32F1xx_HAL_Driver/Src/stm32f1xx_hal_dma.o
 .debug_loc     0x0000000000000e51      0x443 Drivers/STM32F1xx_HAL_Driver/Src/stm32f1xx_hal_gpio.o
 .debug_loc     0x0000000000001294      0x4f6 Drivers/STM32F1xx_HAL_Driver/Src/stm32f1xx_hal_rcc.o
 .debug_loc     0x000000000000178a     0x3612 Drivers/STM32F1xx_HAL_Driver/Src/stm32f1xx_hal_tim.o
 .debug_loc     0x0000000000004d9c      0xf9e Drivers/STM32F1xx_HAL_Driver/Src/stm32f1xx_hal_tim_ex.o
 .debug_loc     0x0000000000005d3a       0x40 Src/animations.o
 .debug_loc     0x0000000000005d7a       0x6b Src/stm32f1xx_hal_msp.o
 .debug_loc     0x0000000000005de5       0xdf Src/system_stm32f1xx.o
 .debug_loc     0x0000000000005ec4      0x248 Src/ws2812.o

.debug_aranges  0x0000000000000000      0x918
 .debug_aranges
                0x0000000000000000       0xd0 Drivers/STM32F1xx_HAL_Driver/Src/stm32f1xx_hal.o
 .debug_aranges
                0x00000000000000d0       0x90 Drivers/STM32F1xx_HAL_Driver/Src/stm32f1xx_hal_cortex.o
 .debug_aranges
                0x0000000000000160       0x80 Drivers/STM32F1xx_HAL_Driver/Src/stm32f1xx_hal_dma.o
 .debug_aranges
                0x00000000000001e0       0x58 Drivers/STM32F1xx_HAL_Driver/Src/stm32f1xx_hal_gpio.o
 .debug_aranges
                0x0000000000000238       0x90 Drivers/STM32F1xx_HAL_Driver/Src/stm32f1xx_hal_rcc.o
 .debug_aranges
                0x00000000000002c8      0x368 Drivers/STM32F1xx_HAL_Driver/Src/stm32f1xx_hal_tim.o
 .debug_aranges
                0x0000000000000630      0x138 Drivers/STM32F1xx_HAL_Driver/Src/stm32f1xx_hal_tim_ex.o
 .debug_aranges
                0x0000000000000768       0x20 Src/animations.o
 .debug_aranges
                0x0000000000000788       0x48 Src/main.o
 .debug_aranges
                0x00000000000007d0       0x38 Src/stm32f1xx_hal_msp.o
 .debug_aranges
                0x0000000000000808       0x70 Src/stm32f1xx_it.o
 .debug_aranges
                0x0000000000000878       0x28 Src/system_stm32f1xx.o
 .debug_aranges
                0x00000000000008a0       0x50 Src/ws2812.o
 .debug_aranges
                0x00000000000008f0       0x28 startup/startup_stm32f103xe.o

.debug_ranges   0x0000000000000000      0x8c0
 .debug_ranges  0x0000000000000000       0xc0 Drivers/STM32F1xx_HAL_Driver/Src/stm32f1xx_hal.o
 .debug_ranges  0x00000000000000c0       0xe0 Drivers/STM32F1xx_HAL_Driver/Src/stm32f1xx_hal_cortex.o
 .debug_ranges  0x00000000000001a0       0x70 Drivers/STM32F1xx_HAL_Driver/Src/stm32f1xx_hal_dma.o
 .debug_ranges  0x0000000000000210       0x48 Drivers/STM32F1xx_HAL_Driver/Src/stm32f1xx_hal_gpio.o
 .debug_ranges  0x0000000000000258       0xa0 Drivers/STM32F1xx_HAL_Driver/Src/stm32f1xx_hal_rcc.o
 .debug_ranges  0x00000000000002f8      0x358 Drivers/STM32F1xx_HAL_Driver/Src/stm32f1xx_hal_tim.o
 .debug_ranges  0x0000000000000650      0x128 Drivers/STM32F1xx_HAL_Driver/Src/stm32f1xx_hal_tim_ex.o
 .debug_ranges  0x0000000000000778       0x10 Src/animations.o
 .debug_ranges  0x0000000000000788       0x38 Src/main.o
 .debug_ranges  0x00000000000007c0       0x28 Src/stm32f1xx_hal_msp.o
 .debug_ranges  0x00000000000007e8       0x60 Src/stm32f1xx_it.o
 .debug_ranges  0x0000000000000848       0x18 Src/system_stm32f1xx.o
 .debug_ranges  0x0000000000000860       0x40 Src/ws2812.o
 .debug_ranges  0x00000000000008a0       0x20 startup/startup_stm32f103xe.o

.debug_macro    0x0000000000000000    0x16e9a
 .debug_macro   0x0000000000000000      0x327 Drivers/STM32F1xx_HAL_Driver/Src/stm32f1xx_hal.o
 .debug_macro   0x0000000000000327      0xa60 Drivers/STM32F1xx_HAL_Driver/Src/stm32f1xx_hal.o
 .debug_macro   0x0000000000000d87       0x22 Drivers/STM32F1xx_HAL_Driver/Src/stm32f1xx_hal.o
 .debug_macro   0x0000000000000da9       0x87 Drivers/STM32F1xx_HAL_Driver/Src/stm32f1xx_hal.o
 .debug_macro   0x0000000000000e30       0x51 Drivers/STM32F1xx_HAL_Driver/Src/stm32f1xx_hal.o
 .debug_macro   0x0000000000000e81       0xef Drivers/STM32F1xx_HAL_Driver/Src/stm32f1xx_hal.o
 .debug_macro   0x0000000000000f70       0x6a Drivers/STM32F1xx_HAL_Driver/Src/stm32f1xx_hal.o
 .debug_macro   0x0000000000000fda      0x1df Drivers/STM32F1xx_HAL_Driver/Src/stm32f1xx_hal.o
 .debug_macro   0x00000000000011b9       0x3a Drivers/STM32F1xx_HAL_Driver/Src/stm32f1xx_hal.o
 .debug_macro   0x00000000000011f3      0x169 Drivers/STM32F1xx_HAL_Driver/Src/stm32f1xx_hal.o
 .debug_macro   0x000000000000135c       0x2e Drivers/STM32F1xx_HAL_Driver/Src/stm32f1xx_hal.o
 .debug_macro   0x000000000000138a       0x22 Drivers/STM32F1xx_HAL_Driver/Src/stm32f1xx_hal.o
 .debug_macro   0x00000000000013ac       0x3a Drivers/STM32F1xx_HAL_Driver/Src/stm32f1xx_hal.o
 .debug_macro   0x00000000000013e6       0x34 Drivers/STM32F1xx_HAL_Driver/Src/stm32f1xx_hal.o
 .debug_macro   0x000000000000141a      0xb8e Drivers/STM32F1xx_HAL_Driver/Src/stm32f1xx_hal.o
 .debug_macro   0x0000000000001fa8     0xfd7e Drivers/STM32F1xx_HAL_Driver/Src/stm32f1xx_hal.o
 .debug_macro   0x0000000000011d26       0x43 Drivers/STM32F1xx_HAL_Driver/Src/stm32f1xx_hal.o
 .debug_macro   0x0000000000011d69       0x58 Drivers/STM32F1xx_HAL_Driver/Src/stm32f1xx_hal.o
 .debug_macro   0x0000000000011dc1       0x17 Drivers/STM32F1xx_HAL_Driver/Src/stm32f1xx_hal.o
 .debug_macro   0x0000000000011dd8       0x35 Drivers/STM32F1xx_HAL_Driver/Src/stm32f1xx_hal.o
 .debug_macro   0x0000000000011e0d       0x9c Drivers/STM32F1xx_HAL_Driver/Src/stm32f1xx_hal.o
 .debug_macro   0x0000000000011ea9       0x16 Drivers/STM32F1xx_HAL_Driver/Src/stm32f1xx_hal.o
 .debug_macro   0x0000000000011ebf       0x97 Drivers/STM32F1xx_HAL_Driver/Src/stm32f1xx_hal.o
 .debug_macro   0x0000000000011f56      0x330 Drivers/STM32F1xx_HAL_Driver/Src/stm32f1xx_hal.o
 .debug_macro   0x0000000000012286       0xfd Drivers/STM32F1xx_HAL_Driver/Src/stm32f1xx_hal.o
 .debug_macro   0x0000000000012383       0x10 Drivers/STM32F1xx_HAL_Driver/Src/stm32f1xx_hal.o
 .debug_macro   0x0000000000012393       0x58 Drivers/STM32F1xx_HAL_Driver/Src/stm32f1xx_hal.o
 .debug_macro   0x00000000000123eb       0x1f Drivers/STM32F1xx_HAL_Driver/Src/stm32f1xx_hal.o
 .debug_macro   0x000000000001240a       0x43 Drivers/STM32F1xx_HAL_Driver/Src/stm32f1xx_hal.o
 .debug_macro   0x000000000001244d       0x20 Drivers/STM32F1xx_HAL_Driver/Src/stm32f1xx_hal.o
 .debug_macro   0x000000000001246d      0x18e Drivers/STM32F1xx_HAL_Driver/Src/stm32f1xx_hal.o
 .debug_macro   0x00000000000125fb       0x10 Drivers/STM32F1xx_HAL_Driver/Src/stm32f1xx_hal.o
 .debug_macro   0x000000000001260b       0x1c Drivers/STM32F1xx_HAL_Driver/Src/stm32f1xx_hal.o
 .debug_macro   0x0000000000012627       0x52 Drivers/STM32F1xx_HAL_Driver/Src/stm32f1xx_hal.o
 .debug_macro   0x0000000000012679       0x40 Drivers/STM32F1xx_HAL_Driver/Src/stm32f1xx_hal.o
 .debug_macro   0x00000000000126b9       0x10 Drivers/STM32F1xx_HAL_Driver/Src/stm32f1xx_hal.o
 .debug_macro   0x00000000000126c9       0x40 Drivers/STM32F1xx_HAL_Driver/Src/stm32f1xx_hal.o
 .debug_macro   0x0000000000012709       0xd7 Drivers/STM32F1xx_HAL_Driver/Src/stm32f1xx_hal.o
 .debug_macro   0x00000000000127e0       0x1c Drivers/STM32F1xx_HAL_Driver/Src/stm32f1xx_hal.o
 .debug_macro   0x00000000000127fc       0x3d Drivers/STM32F1xx_HAL_Driver/Src/stm32f1xx_hal.o
 .debug_macro   0x0000000000012839       0x16 Drivers/STM32F1xx_HAL_Driver/Src/stm32f1xx_hal.o
 .debug_macro   0x000000000001284f      0x16f Drivers/STM32F1xx_HAL_Driver/Src/stm32f1xx_hal.o
 .debug_macro   0x00000000000129be       0x50 Drivers/STM32F1xx_HAL_Driver/Src/stm32f1xx_hal.o
 .debug_macro   0x0000000000012a0e      0x5c2 Drivers/STM32F1xx_HAL_Driver/Src/stm32f1xx_hal.o
 .debug_macro   0x0000000000012fd0      0x4d6 Drivers/STM32F1xx_HAL_Driver/Src/stm32f1xx_hal.o
 .debug_macro   0x00000000000134a6      0x1cb Drivers/STM32F1xx_HAL_Driver/Src/stm32f1xx_hal.o
 .debug_macro   0x0000000000013671      0x11e Drivers/STM32F1xx_HAL_Driver/Src/stm32f1xx_hal.o
 .debug_macro   0x000000000001378f      0x1eb Drivers/STM32F1xx_HAL_Driver/Src/stm32f1xx_hal.o
 .debug_macro   0x000000000001397a       0x27 Drivers/STM32F1xx_HAL_Driver/Src/stm32f1xx_hal.o
 .debug_macro   0x00000000000139a1      0x1bc Drivers/STM32F1xx_HAL_Driver/Src/stm32f1xx_hal.o
 .debug_macro   0x0000000000013b5d       0x31 Drivers/STM32F1xx_HAL_Driver/Src/stm32f1xx_hal.o
 .debug_macro   0x0000000000013b8e       0x3c Drivers/STM32F1xx_HAL_Driver/Src/stm32f1xx_hal.o
 .debug_macro   0x0000000000013bca       0x57 Drivers/STM32F1xx_HAL_Driver/Src/stm32f1xx_hal.o
 .debug_macro   0x0000000000013c21       0x8c Drivers/STM32F1xx_HAL_Driver/Src/stm32f1xx_hal.o
 .debug_macro   0x0000000000013cad      0x250 Drivers/STM32F1xx_HAL_Driver/Src/stm32f1xx_hal.o
 .debug_macro   0x0000000000013efd      0x143 Drivers/STM32F1xx_HAL_Driver/Src/stm32f1xx_hal.o
 .debug_macro   0x0000000000014040      0x84c Drivers/STM32F1xx_HAL_Driver/Src/stm32f1xx_hal.o
 .debug_macro   0x000000000001488c       0x1f Drivers/STM32F1xx_HAL_Driver/Src/stm32f1xx_hal.o
 .debug_macro   0x00000000000148ab       0xb9 Drivers/STM32F1xx_HAL_Driver/Src/stm32f1xx_hal.o
 .debug_macro   0x0000000000014964      0x303 Drivers/STM32F1xx_HAL_Driver/Src/stm32f1xx_hal_cortex.o
 .debug_macro   0x0000000000014c67      0x303 Drivers/STM32F1xx_HAL_Driver/Src/stm32f1xx_hal_dma.o
 .debug_macro   0x0000000000014f6a      0x373 Drivers/STM32F1xx_HAL_Driver/Src/stm32f1xx_hal_gpio.o
 .debug_macro   0x00000000000152dd      0x315 Drivers/STM32F1xx_HAL_Driver/Src/stm32f1xx_hal_rcc.o
 .debug_macro   0x00000000000155f2      0x303 Drivers/STM32F1xx_HAL_Driver/Src/stm32f1xx_hal_tim.o
 .debug_macro   0x00000000000158f5      0x303 Drivers/STM32F1xx_HAL_Driver/Src/stm32f1xx_hal_tim_ex.o
 .debug_macro   0x0000000000015bf8      0x307 Src/animations.o
 .debug_macro   0x0000000000015eff      0x307 Src/main.o
 .debug_macro   0x0000000000016206      0x303 Src/stm32f1xx_hal_msp.o
 .debug_macro   0x0000000000016509      0x30d Src/stm32f1xx_it.o
 .debug_macro   0x0000000000016816      0x309 Src/system_stm32f1xx.o
 .debug_macro   0x0000000000016b1f       0x34 Src/system_stm32f1xx.o
 .debug_macro   0x0000000000016b53       0x40 Src/system_stm32f1xx.o
 .debug_macro   0x0000000000016b93      0x307 Src/ws2812.o

.debug_line     0x0000000000000000     0x8492
 .debug_line    0x0000000000000000      0x8e2 Drivers/STM32F1xx_HAL_Driver/Src/stm32f1xx_hal.o
 .debug_line    0x00000000000008e2      0x8fa Drivers/STM32F1xx_HAL_Driver/Src/stm32f1xx_hal_cortex.o
 .debug_line    0x00000000000011dc      0xd1a Drivers/STM32F1xx_HAL_Driver/Src/stm32f1xx_hal_dma.o
 .debug_line    0x0000000000001ef6      0x8f3 Drivers/STM32F1xx_HAL_Driver/Src/stm32f1xx_hal_gpio.o
 .debug_line    0x00000000000027e9      0x9fc Drivers/STM32F1xx_HAL_Driver/Src/stm32f1xx_hal_rcc.o
 .debug_line    0x00000000000031e5     0x1793 Drivers/STM32F1xx_HAL_Driver/Src/stm32f1xx_hal_tim.o
 .debug_line    0x0000000000004978      0xcb1 Drivers/STM32F1xx_HAL_Driver/Src/stm32f1xx_hal_tim_ex.o
 .debug_line    0x0000000000005629      0x72f Src/animations.o
 .debug_line    0x0000000000005d58      0x7aa Src/main.o
 .debug_line    0x0000000000006502      0x77e Src/stm32f1xx_hal_msp.o
 .debug_line    0x0000000000006c80      0x7d6 Src/stm32f1xx_it.o
 .debug_line    0x0000000000007456      0x75f Src/system_stm32f1xx.o
 .debug_line    0x0000000000007bb5      0x860 Src/ws2812.o
 .debug_line    0x0000000000008415       0x7d startup/startup_stm32f103xe.o

.debug_str      0x0000000000000000    0x7a7b8
 .debug_str     0x0000000000000000    0x782bf Drivers/STM32F1xx_HAL_Driver/Src/stm32f1xx_hal.o
                                      0x78758 (size before relaxing)
 .debug_str     0x00000000000782bf      0x2e1 Drivers/STM32F1xx_HAL_Driver/Src/stm32f1xx_hal_cortex.o
                                      0x786ad (size before relaxing)
 .debug_str     0x00000000000785a0      0x3f8 Drivers/STM32F1xx_HAL_Driver/Src/stm32f1xx_hal_dma.o
                                      0x7832d (size before relaxing)
 .debug_str     0x0000000000078998      0x3ab Drivers/STM32F1xx_HAL_Driver/Src/stm32f1xx_hal_gpio.o
                                      0x78310 (size before relaxing)
 .debug_str     0x0000000000078d43      0x368 Drivers/STM32F1xx_HAL_Driver/Src/stm32f1xx_hal_rcc.o
                                      0x78365 (size before relaxing)
 .debug_str     0x00000000000790ab      0xf13 Drivers/STM32F1xx_HAL_Driver/Src/stm32f1xx_hal_tim.o
                                      0x79065 (size before relaxing)
 .debug_str     0x0000000000079fbe      0x4f1 Drivers/STM32F1xx_HAL_Driver/Src/stm32f1xx_hal_tim_ex.o
                                      0x78907 (size before relaxing)
 .debug_str     0x000000000007a4af       0x39 Src/animations.o
                                      0x782c4 (size before relaxing)
 .debug_str     0x000000000007a4e8       0x97 Src/main.o
                                      0x78a60 (size before relaxing)
 .debug_str     0x000000000007a57f       0x35 Src/stm32f1xx_hal_msp.o
                                      0x78825 (size before relaxing)
 .debug_str     0x000000000007a5b4       0xe1 Src/stm32f1xx_it.o
                                      0x783a3 (size before relaxing)
 .debug_str     0x000000000007a695       0x69 Src/system_stm32f1xx.o
                                      0x77fbb (size before relaxing)
 .debug_str     0x000000000007a6fe       0x8a Src/ws2812.o
                                      0x7833a (size before relaxing)
 .debug_str     0x000000000007a788       0x30 startup/startup_stm32f103xe.o
                                         0x59 (size before relaxing)

.comment        0x0000000000000000       0x7e
 .comment       0x0000000000000000       0x7e Drivers/STM32F1xx_HAL_Driver/Src/stm32f1xx_hal.o
                                         0x7f (size before relaxing)
 .comment       0x000000000000007e       0x7f Drivers/STM32F1xx_HAL_Driver/Src/stm32f1xx_hal_cortex.o
 .comment       0x000000000000007e       0x7f Drivers/STM32F1xx_HAL_Driver/Src/stm32f1xx_hal_dma.o
 .comment       0x000000000000007e       0x7f Drivers/STM32F1xx_HAL_Driver/Src/stm32f1xx_hal_gpio.o
 .comment       0x000000000000007e       0x7f Drivers/STM32F1xx_HAL_Driver/Src/stm32f1xx_hal_rcc.o
 .comment       0x000000000000007e       0x7f Drivers/STM32F1xx_HAL_Driver/Src/stm32f1xx_hal_tim.o
 .comment       0x000000000000007e       0x7f Drivers/STM32F1xx_HAL_Driver/Src/stm32f1xx_hal_tim_ex.o
 .comment       0x000000000000007e       0x7f Src/animations.o
 .comment       0x000000000000007e       0x7f Src/main.o
 .comment       0x000000000000007e       0x7f Src/stm32f1xx_hal_msp.o
 .comment       0x000000000000007e       0x7f Src/stm32f1xx_it.o
 .comment       0x000000000000007e       0x7f Src/system_stm32f1xx.o
 .comment       0x000000000000007e       0x7f Src/ws2812.o

.debug_frame    0x0000000000000000     0x16f0
 .debug_frame   0x0000000000000000      0x1ac Drivers/STM32F1xx_HAL_Driver/Src/stm32f1xx_hal.o
 .debug_frame   0x00000000000001ac      0x12c Drivers/STM32F1xx_HAL_Driver/Src/stm32f1xx_hal_cortex.o
 .debug_frame   0x00000000000002d8      0x144 Drivers/STM32F1xx_HAL_Driver/Src/stm32f1xx_hal_dma.o
 .debug_frame   0x000000000000041c       0xd4 Drivers/STM32F1xx_HAL_Driver/Src/stm32f1xx_hal_gpio.o
 .debug_frame   0x00000000000004f0      0x174 Drivers/STM32F1xx_HAL_Driver/Src/stm32f1xx_hal_rcc.o
 .debug_frame   0x0000000000000664      0x9cc Drivers/STM32F1xx_HAL_Driver/Src/stm32f1xx_hal_tim.o
 .debug_frame   0x0000000000001030      0x374 Drivers/STM32F1xx_HAL_Driver/Src/stm32f1xx_hal_tim_ex.o
 .debug_frame   0x00000000000013a4       0x2c Src/animations.o
 .debug_frame   0x00000000000013d0       0xac Src/main.o
 .debug_frame   0x000000000000147c       0x80 Src/stm32f1xx_hal_msp.o
 .debug_frame   0x00000000000014fc       0xd8 Src/stm32f1xx_it.o
 .debug_frame   0x00000000000015d4       0x30 Src/system_stm32f1xx.o
 .debug_frame   0x0000000000001604       0xc0 Src/ws2812.o
 .debug_frame   0x00000000000016c4       0x2c /home/jeremy/Ac6/SystemWorkbench/plugins/fr.ac6.mcu.externaltools.arm-none.linux64_1.16.0.201807130628/tools/compiler/bin/../lib/gcc/arm-none-eabi/7.2.1/../../../../arm-none-eabi/lib/thumb/v7-m/libc_nano.a(lib_a-init.o)
